Microchip MPLAB XC8 Compiler V1.35 ()

Linker command line:

-W-3 --edf=C:\Program Files (x86)\Microchip\xc8\v1.35\dat\en_msgs.txt -cs \
  -h+dist/default/production\No3_CDH.X.production.sym \
  --cmf=dist/default/production\No3_CDH.X.production.cmf -z -Q16F877A \
  -oC:\Users\Owner\AppData\Local\Temp\s6vo.2 \
  -Mdist/default/production/No3_CDH.X.production.map -E1 -ver=XC8 \
  -ASTACK=01AAh-01efh -pstack=STACK -ACODE=00h-07FFhx4 -ASTRCODE=00h-01FFFh \
  -ASTRING=00h-0FFhx32 -ACONST=00h-0FFhx32 -AENTRY=00h-0FFhx32 \
  -ACOMMON=070h-07Fh -ABANK0=020h-06Fh -ABANK1=0A0h-0EFh \
  -ABANK2=0110h-016Fh -ABANK3=0190h-01EFh \
  -ARAM=020h-06Fh,0A0h-0EFh,0110h-016Fh,0190h-01EFh \
  -AABS1=020h-07Fh,0A0h-0EFh,0110h-016Fh,0190h-01EFh -ASFR0=00h-01Fh \
  -ASFR1=080h-09Fh -ASFR2=0100h-010Fh -ASFR3=0180h-018Fh \
  -preset_vec=00h,intentry=04h,init,end_init -ppowerup=CODE -pcinit=CODE \
  -pfunctab=CODE -ACONFIG=02007h-02007h -pconfig=CONFIG -DCONFIG=2 \
  -AIDLOC=02000h-02003h -pidloc=IDLOC -DIDLOC=2 -AEEDATA=00h-0FFh/02100h \
  -peeprom_data=EEDATA -DEEDATA=2 -DCODE=2 -DSTRCODE=2 -DSTRING=2 -DCONST=2 \
  -DENTRY=2 -k C:\Users\Owner\AppData\Local\Temp\s6vo.obj \
  dist/default/production\No3_CDH.X.production.obj 

Object code version is 3.11

Machine type is 16F877A



                Name                               Link     Load   Length Selector   Space Scale
C:\Users\Owner\AppData\Local\Temp\s6vo.obj
                end_init                             12       12        3        8       0
                reset_vec                             0        0        3        0       0
                config                             2007     2007        1     400E       0
dist/default/production\No3_CDH.X.production.obj
                cinit                                15       15       25        8       0
                intentry                              4        4        E        8       0
                text39                              9A2      9A2       12     1344       0
                text38                              92D      92D        D     125A       0
                text37                              B5D      B5D       36     16BA       0
                text36                              980      980       11     1300       0
                text35                              CB2      CB2       3F     1964       0
                text34                              9DF      9DF       1A     13BE       0
                text33                              A90      A90       31     1520       0
                text32                              C02      C02       3A     1804       0
                text31                              6D2      6D2       8E        8       0
                text30                              9F9      9F9       1C     13F2       0
                text29                              C76      C76       3C     18EC       0
                text28                              F92      F92       6E     1F24       0
                text27                              547      547       D3        8       0
                text26                              9C7      9C7       18     138E       0
                text25                              BC9      BC9       39     1792       0
                text24                              E1F      E1F       5B     1C3E       0
                text23                              61A      61A       B8        8       0
                text22                              760      760       78        8       0
                text21                              9B4      9B4       13     1368       0
                text20                              E7A      E7A       5B     1CF4       0
                text19                              D79      D79       4D     1AF2       0
                text18                              D34      D34       45     1A68       0
                text17                              F30      F30       62     1E60       0
                text16                              C3C      C3C       3A     1878       0
                text15                              DC6      DC6       59     1B8C       0
                text14                              CF1      CF1       43     19E2       0
                text13                              962      962        F     12C4       0
                text12                              93A      93A        D     1274       0
                text11                              B93      B93       36     1726       0
                text10                              954      954        E     12A8       0
                text9                               A15      A15       23     142A       0
                text8                               A38      A38       2C     1470       0
                text7                               AF3      AF3       35     15E6       0
                text6                               A64      A64       2C     14C8       0
                text5                               B28      B28       35     1650       0
                text4                               7D8      7D8       26        8       0
                text3                               ED5      ED5       5B     1DAA       0
                text2                               AC1      AC1       32     1582       0
                text1                               947      947        D     128E       0
                maintext                             3A       3A      50D        8       0
                cstackBANK0                          20       20       22       20       1
                cstackCOMMON                         70       70        C       70       1
                cstackBANK1                          A0       A0       2F       A0       1
                cstackBANK2                         110      110       50      110       1
                cstackBANK3                         19F      19F        A      190       1
                inittext                            991      991       11     1322       0
                clrtext                             925      925        8     124A       0
                dataBANK3                           190      190        F      190       1
                bssBANK3                            1A9      1A9        1      190       1
                bssBANK1                             CF       CF       21       A0       1
                bssBANK0                             42       42       21       20       1
                bssCOMMON                            7C       7C        1       70       1
                strings                             800      800       2A     1000       0
                idataBANK3                          971      971        F     12E2       0

TOTAL           Name                               Link     Load   Length     Space
        CLASS   STACK          

        CLASS   CODE           
                end_init                             12       12        3         0
                cinit                                15       15       25         0
                intentry                              4        4        E         0
                reset_vec                             0        0        3         0
                text39                              9A2      9A2       12         0
                text38                              92D      92D        D         0
                text37                              B5D      B5D       36         0
                text36                              980      980       11         0
                text35                              CB2      CB2       3F         0
                text34                              9DF      9DF       1A         0
                text33                              A90      A90       31         0
                text32                              C02      C02       3A         0
                text31                              6D2      6D2       8E         0
                text30                              9F9      9F9       1C         0
                text29                              C76      C76       3C         0
                text28                              F92      F92       6E         0
                text27                              547      547       D3         0
                text26                              9C7      9C7       18         0
                text25                              BC9      BC9       39         0
                text24                              E1F      E1F       5B         0
                text23                              61A      61A       B8         0
                text22                              760      760       78         0
                text21                              9B4      9B4       13         0
                text20                              E7A      E7A       5B         0
                text19                              D79      D79       4D         0
                text18                              D34      D34       45         0
                text17                              F30      F30       62         0
                text16                              C3C      C3C       3A         0
                text15                              DC6      DC6       59         0
                text14                              CF1      CF1       43         0
                text13                              962      962        F         0
                text12                              93A      93A        D         0
                text11                              B93      B93       36         0
                text10                              954      954        E         0
                text9                               A15      A15       23         0
                text8                               A38      A38       2C         0
                text7                               AF3      AF3       35         0
                text6                               A64      A64       2C         0
                text5                               B28      B28       35         0
                text4                               7D8      7D8       26         0
                text3                               ED5      ED5       5B         0
                text2                               AC1      AC1       32         0
                text1                               947      947        D         0
                maintext                             3A       3A      50D         0
                inittext                            991      991       11         0
                clrtext                             925      925        8         0
                idataBANK3                          971      971        F         0

        CLASS   STRCODE        

        CLASS   STRING         
                strings                             800      800       2A         0

        CLASS   CONST          

        CLASS   ENTRY          

        CLASS   COMMON         
                cstackCOMMON                         70       70        C         1
                bssCOMMON                            7C       7C        1         1

        CLASS   BANK0          
                cstackBANK0                          20       20       22         1
                bssBANK0                             42       42       21         1

        CLASS   BANK1          
                cstackBANK1                          A0       A0       2F         1
                bssBANK1                             CF       CF       21         1

        CLASS   BANK2          
                cstackBANK2                         110      110       50         1

        CLASS   BANK3          
                cstackBANK3                         19F      19F        A         1
                dataBANK3                           190      190        F         1
                bssBANK3                            1A9      1A9        1         1

        CLASS   RAM            

        CLASS   ABS1           
                abs_s1                               7E       7E        2         1

        CLASS   SFR0           

        CLASS   SFR1           

        CLASS   SFR2           

        CLASS   SFR3           

        CLASS   CONFIG         
                config                             2007     2007        1         0

        CLASS   IDLOC          

        CLASS   EEDATA         



SEGMENTS        Name                           Load    Length   Top    Selector   Space  Class     Delta

                reset_vec                      000000  000003  000003         0       0  CODE        2
                intentry                       000004  0007FA  0007FE         8       0  CODE        2
                cstackBANK0                    000020  000043  000063        20       1  BANK0       1
                cstackCOMMON                   000070  00000D  00007D        70       1  COMMON      1
                cstackBANK1                    0000A0  000050  0000F0        A0       1  BANK1       1
                cstackBANK2                    000110  000050  000160       110       1  BANK2       1
                dataBANK3                      000190  00001A  0001AA       190       1  BANK3       1
                strings                        000800  00002A  00082A      1000       0  STRING      2
                clrtext                        000925  000008  00092D      124A       0  CODE        2
                text38                         00092D  00000D  00093A      125A       0  CODE        2
                text12                         00093A  00000D  000947      1274       0  CODE        2
                text1                          000947  00000D  000954      128E       0  CODE        2
                text10                         000954  00000E  000962      12A8       0  CODE        2
                text13                         000962  00000F  000971      12C4       0  CODE        2
                idataBANK3                     000971  00000F  000980      12E2       0  CODE        2
                text36                         000980  000011  000991      1300       0  CODE        2
                inittext                       000991  000011  0009A2      1322       0  CODE        2
                text39                         0009A2  000012  0009B4      1344       0  CODE        2
                text21                         0009B4  000013  0009C7      1368       0  CODE        2
                text26                         0009C7  000018  0009DF      138E       0  CODE        2
                text34                         0009DF  00001A  0009F9      13BE       0  CODE        2
                text30                         0009F9  00001C  000A15      13F2       0  CODE        2
                text9                          000A15  000023  000A38      142A       0  CODE        2
                text8                          000A38  00002C  000A64      1470       0  CODE        2
                text6                          000A64  00002C  000A90      14C8       0  CODE        2
                text33                         000A90  000031  000AC1      1520       0  CODE        2
                text2                          000AC1  000032  000AF3      1582       0  CODE        2
                text7                          000AF3  000035  000B28      15E6       0  CODE        2
                text5                          000B28  000035  000B5D      1650       0  CODE        2
                text37                         000B5D  000036  000B93      16BA       0  CODE        2
                text11                         000B93  000036  000BC9      1726       0  CODE        2
                text25                         000BC9  000039  000C02      1792       0  CODE        2
                text32                         000C02  00003A  000C3C      1804       0  CODE        2
                text16                         000C3C  00003A  000C76      1878       0  CODE        2
                text29                         000C76  00003C  000CB2      18EC       0  CODE        2
                text35                         000CB2  00003F  000CF1      1964       0  CODE        2
                text14                         000CF1  000043  000D34      19E2       0  CODE        2
                text18                         000D34  000045  000D79      1A68       0  CODE        2
                text19                         000D79  00004D  000DC6      1AF2       0  CODE        2
                text15                         000DC6  000059  000E1F      1B8C       0  CODE        2
                text24                         000E1F  00005B  000E7A      1C3E       0  CODE        2
                text20                         000E7A  00005B  000ED5      1CF4       0  CODE        2
                text3                          000ED5  00005B  000F30      1DAA       0  CODE        2
                text17                         000F30  000062  000F92      1E60       0  CODE        2
                text28                         000F92  00006E  001000      1F24       0  CODE        2
                config                         002007  000001  002008      400E       0  CONFIG      2


UNUSED ADDRESS RANGES

        Name                Unused          Largest block    Delta
        BANK0            0063-006F              D           1
        BANK2            0160-016F             10           1
        BANK3            01AA-01EF             46           1
        CODE             0003-0003              1           2
                         07FE-07FF              2
                         082A-0924             FB
                         1000-1FFF            800
        COMMON           007D-007D              1           1
        CONST            0003-0003              1           2
                         07FE-07FF              2
                         082A-0924             D6
                         1000-1FFF            100
        EEDATA           2100-21FF            100           2
        ENTRY            0003-0003              1           2
                         07FE-07FF              2
                         082A-0924             D6
                         1000-1FFF            100
        IDLOC            2000-2003              4           2
        RAM              0063-006F              D           1
                         0160-016F             10
                         01AA-01EF             46
        SFR0             0000-001F             20           1
        SFR1             0080-009F             20           1
        SFR2             0100-010F             10           1
        SFR3             0180-018F             10           1
        STACK            01AA-01EF             46           1
        STRCODE          0003-0003              1           2
                         07FE-07FF              2
                         082A-0924             FB
                         1000-1FFF           1000
        STRING           0003-0003              1           2
                         07FE-07FF              2
                         082A-0924             D6
                         1000-1FFF            100

                                  Symbol Table

?___awdiv                              cstackBANK1  00A0
?___awmod                              cstackBANK1  00A0
?___ftdiv                              cstackBANK1  00BC
?___ftmul                              cstackBANK1  00AC
?___ftpack                             cstackBANK1  00A0
?___fttol                              cstackBANK1  00A0
?___lwtoft                             cstackBANK1  00A8
?___wmul                               cstackBANK1  00A0
?_get_adcon                            cstackBANK1  00BC
?_get_pt                               cstackBANK1  00CC
_ADCON0                                (abs)        001F
_ADCON0bits                            (abs)        001F
_ADCON1                                (abs)        009F
_ADCON1bits                            (abs)        009F
_ADRESH                                (abs)        001E
_ADRESL                                (abs)        009E
_INTCONbits                            (abs)        000B
_PIE1bits                              (abs)        008C
_PIR1bits                              (abs)        000C
_PORTA                                 (abs)        0005
_PORTAbits                             (abs)        0005
_PORTB                                 (abs)        0006
_PORTC                                 (abs)        0007
_PORTD                                 (abs)        0008
_PORTE                                 (abs)        0009
_RB7                                   (abs)        0037
_RCIF                                  (abs)        0065
_RCREG                                 (abs)        001A
_RCSTA                                 (abs)        0018
_SPBRG                                 (abs)        0099
_SSPBUF                                (abs)        0013
_SSPCONbits                            (abs)        0014
_SSPSTATbits                           (abs)        0094
_TRISA                                 (abs)        0085
_TRISA5                                (abs)        042D
_TRISAbits                             (abs)        0085
_TRISB                                 (abs)        0086
_TRISC                                 (abs)        0087
_TRISC3                                (abs)        043B
_TRISC4                                (abs)        043C
_TRISC5                                (abs)        043D
_TRISC6                                (abs)        043E
_TRISC7                                (abs)        043F
_TRISD                                 (abs)        0088
_TRISE                                 (abs)        0089
_TXIF                                  (abs)        0064
_TXREG                                 (abs)        0019
_TXSTA                                 (abs)        0098
__CFG_BOREN$ON                         (abs)        0000
__CFG_CP$OFF                           (abs)        0000
__CFG_CPD$OFF                          (abs)        0000
__CFG_FOSC$HS                          (abs)        0000
__CFG_LVP$OFF                          (abs)        0000
__CFG_PWRTE$ON                         (abs)        0000
__CFG_WDTE$OFF                         (abs)        0000
__CFG_WRT$OFF                          (abs)        0000
__Habs1                                abs1         0000
__Hbank0                               bank0        0000
__Hbank1                               bank1        0000
__Hbank2                               bank2        0000
__Hbank3                               bank3        0000
__HbssBANK0                            bssBANK0     0000
__HbssBANK1                            bssBANK1     0000
__HbssBANK3                            bssBANK3     0000
__HbssCOMMON                           bssCOMMON    0000
__Hcinit                               cinit        003A
__Hclrtext                             clrtext      0000
__Hcode                                code         0000
__Hcommon                              common       0000
__Hconfig                              config       2008
__HcstackBANK0                         cstackBANK0  0000
__HcstackBANK1                         cstackBANK1  0000
__HcstackBANK2                         cstackBANK2  0000
__HcstackBANK3                         cstackBANK3  0000
__HcstackCOMMON                        cstackCOMMON 0000
__HdataBANK3                           dataBANK3    0000
__Heeprom_data                         eeprom_data  0000
__Hend_init                            end_init     0015
__Hfunctab                             functab      0000
__HidataBANK3                          idataBANK3   0000
__Hidloc                               idloc        0000
__Hinit                                init         0012
__Hinittext                            inittext     0000
__Hintentry                            intentry     0012
__Hmaintext                            maintext     0000
__Hpowerup                             powerup      0000
__Hram                                 ram          0000
__Hreset_vec                           reset_vec    0003
__Hsfr0                                sfr0         0000
__Hsfr1                                sfr1         0000
__Hsfr2                                sfr2         0000
__Hsfr3                                sfr3         0000
__Hspace_0                             (abs)        2008
__Hspace_1                             (abs)        01AA
__Hspace_2                             (abs)        0000
__Hspace_3                             (abs)        0000
__Hstack                               stack        0000
__Hstrings                             strings      0000
__Htext                                text         0000
__Labs1                                abs1         0000
__Lbank0                               bank0        0000
__Lbank1                               bank1        0000
__Lbank2                               bank2        0000
__Lbank3                               bank3        0000
__LbssBANK0                            bssBANK0     0000
__LbssBANK1                            bssBANK1     0000
__LbssBANK3                            bssBANK3     0000
__LbssCOMMON                           bssCOMMON    0000
__Lcinit                               cinit        0015
__Lclrtext                             clrtext      0000
__Lcode                                code         0000
__Lcommon                              common       0000
__Lconfig                              config       2007
__LcstackBANK0                         cstackBANK0  0000
__LcstackBANK1                         cstackBANK1  0000
__LcstackBANK2                         cstackBANK2  0000
__LcstackBANK3                         cstackBANK3  0000
__LcstackCOMMON                        cstackCOMMON 0000
__LdataBANK3                           dataBANK3    0000
__Leeprom_data                         eeprom_data  0000
__Lend_init                            end_init     0012
__Lfunctab                             functab      0000
__LidataBANK3                          idataBANK3   0000
__Lidloc                               idloc        0000
__Linit                                init         0012
__Linittext                            inittext     0000
__Lintentry                            intentry     0004
__Lmaintext                            maintext     0000
__Lpowerup                             powerup      0000
__Lram                                 ram          0000
__Lreset_vec                           reset_vec    0000
__Lsfr0                                sfr0         0000
__Lsfr1                                sfr1         0000
__Lsfr2                                sfr2         0000
__Lsfr3                                sfr3         0000
__Lspace_0                             (abs)        0000
__Lspace_1                             (abs)        0000
__Lspace_2                             (abs)        0000
__Lspace_3                             (abs)        0000
__Lstack                               stack        0000
__Lstrings                             strings      0000
__Ltext                                text         0000
__S0                                   (abs)        2008
__S1                                   (abs)        01AA
__S2                                   (abs)        0000
__S3                                   (abs)        0000
___awdiv                               text20       0E7A
___awdiv@counter                       cstackBANK1  00A5
___awdiv@dividend                      cstackBANK1  00A2
___awdiv@divisor                       cstackBANK1  00A0
___awdiv@quotient                      cstackBANK1  00A7
___awdiv@sign                          cstackBANK1  00A6
___awmod                               text19       0D79
___awmod@counter                       cstackBANK1  00A5
___awmod@dividend                      cstackBANK1  00A2
___awmod@divisor                       cstackBANK1  00A0
___awmod@sign                          cstackBANK1  00A6
___bmul                                text21       09B4
___bmul@multiplicand                   cstackBANK1  00A0
___bmul@multiplier                     cstackBANK1  00A3
___bmul@product                        cstackBANK1  00A2
___ftdiv                               text23       061A
___ftdiv@cntr                          cstackBANK1  00C6
___ftdiv@exp                           cstackBANK1  00CA
___ftdiv@f1                            cstackBANK1  00BF
___ftdiv@f2                            cstackBANK1  00BC
___ftdiv@f3                            cstackBANK1  00C7
___ftdiv@sign                          cstackBANK1  00CB
___ftmul                               text27       0547
___ftmul@cntr                          cstackBANK1  00BA
___ftmul@exp                           cstackBANK1  00B6
___ftmul@f1                            cstackBANK1  00AC
___ftmul@f2                            cstackBANK1  00AF
___ftmul@f3_as_product                 cstackBANK1  00B7
___ftmul@sign                          cstackBANK1  00BB
___ftpack                              text28       0F92
___ftpack@arg                          cstackBANK1  00A0
___ftpack@exp                          cstackBANK1  00A3
___ftpack@sign                         cstackBANK1  00A4
___fttol                               text31       06D2
___fttol@exp1                          cstackBANK1  00AD
___fttol@f1                            cstackBANK1  00A0
___fttol@lval                          cstackBANK1  00A9
___fttol@sign1                         cstackBANK1  00A8
___int_sp                              stack        0000
___latbits                             (abs)        0002
___lwtoft                              text26       09C7
___lwtoft@c                            cstackBANK1  00A8
___sp                                  stack        0000
___wmul                                text9        0A15
___wmul@multiplicand                   cstackBANK1  00A2
___wmul@multiplier                     cstackBANK1  00A0
___wmul@product                        cstackBANK1  00A4
__end_of___awdiv                       text20       0ED5
__end_of___awmod                       text19       0DC6
__end_of___bmul                        text21       09C7
__end_of___ftdiv                       text23       06D2
__end_of___ftmul                       text27       061A
__end_of___ftpack                      text28       1000
__end_of___fttol                       text31       0760
__end_of___lwtoft                      text26       09DF
__end_of___wmul                        text9        0A38
__end_of__initialization               cinit        0036
__end_of__stringtab                    strings      0810
__end_of_bit_shift                     text25       0C02
__end_of_buf_send                      text37       0B93
__end_of_check_flag                    text38       093A
__end_of_double_data_set               text7        0B28
__end_of_double_to_byte_array          text8        0A64
__end_of_extract_receive_packet        text29       0CB2
__end_of_get_adcon                     text24       0E7A
__end_of_get_pt                        text22       07D8
__end_of_isr                           text32       0C3C
__end_of_main                          maintext     0547
__end_of_number_to_string_char         text14       0D34
__end_of_pic_port_init                 text13       0971
__end_of_process_1                     text18       0D79
__end_of_process_10                    text17       0F92
__end_of_process_100                   text16       0C76
__end_of_process_1_null                text15       0E1F
__end_of_put_char                      text12       0947
__end_of_put_string                    text11       0BC9
__end_of_receive_packet                text35       0CF1
__end_of_rx_packet_clear               text30       0A15
__end_of_send_data_slave               text10       0962
__end_of_send_packet                   text33       0AC1
__end_of_sent_data_set                 text3        0F30
__end_of_spi_slave_receive             text36       0991
__end_of_spi_slave_send                text39       09B4
__end_of_spi_slave_start               text2        0AF3
__end_of_tx_packet_clear               text34       09F9
__end_of_uart_init                     text1        0954
__end_of_uint16_data_set               text5        0B5D
__end_of_uint16_to_byte_array          text6        0A90
__end_of_uint8_data_set                text4        07FE
__end_ofbit_shift@bit_mask_for_l       strings      0813
__end_ofuint16_to_byte_array@bit_mask  strings      0812
__initialization                       cinit        0015
__pbssBANK0                            bssBANK0     0042
__pbssBANK1                            bssBANK1     00CF
__pbssBANK3                            bssBANK3     01A9
__pbssCOMMON                           bssCOMMON    007C
__pcstackBANK0                         cstackBANK0  0020
__pcstackBANK1                         cstackBANK1  00A0
__pcstackBANK2                         cstackBANK2  0110
__pcstackBANK3                         cstackBANK3  019F
__pcstackCOMMON                        cstackCOMMON 0070
__pdataBANK3                           dataBANK3    0190
__pidataBANK3                          idataBANK3   0971
__pintentry                            intentry     0004
__pmaintext                            maintext     003A
__pstrings                             strings      0800
__ptext1                               text1        0947
__ptext10                              text10       0954
__ptext11                              text11       0B93
__ptext12                              text12       093A
__ptext13                              text13       0962
__ptext14                              text14       0CF1
__ptext15                              text15       0DC6
__ptext16                              text16       0C3C
__ptext17                              text17       0F30
__ptext18                              text18       0D34
__ptext19                              text19       0D79
__ptext2                               text2        0AC1
__ptext20                              text20       0E7A
__ptext21                              text21       09B4
__ptext22                              text22       0760
__ptext23                              text23       061A
__ptext24                              text24       0E1F
__ptext25                              text25       0BC9
__ptext26                              text26       09C7
__ptext27                              text27       0547
__ptext28                              text28       0F92
__ptext29                              text29       0C76
__ptext3                               text3        0ED5
__ptext30                              text30       09F9
__ptext31                              text31       06D2
__ptext32                              text32       0C02
__ptext33                              text33       0A90
__ptext34                              text34       09DF
__ptext35                              text35       0CB2
__ptext36                              text36       0980
__ptext37                              text37       0B5D
__ptext38                              text38       092D
__ptext39                              text39       09A2
__ptext4                               text4        07D8
__ptext5                               text5        0B28
__ptext6                               text6        0A64
__ptext7                               text7        0AF3
__ptext8                               text8        0A38
__ptext9                               text9        0A15
__size_of___awdiv                      (abs)        0000
__size_of___awmod                      (abs)        0000
__size_of___bmul                       (abs)        0000
__size_of___ftdiv                      (abs)        0000
__size_of___ftmul                      (abs)        0000
__size_of___ftpack                     (abs)        0000
__size_of___fttol                      (abs)        0000
__size_of___lwtoft                     (abs)        0000
__size_of___wmul                       (abs)        0000
__size_of_bit_shift                    (abs)        0000
__size_of_buf_send                     (abs)        0000
__size_of_check_flag                   (abs)        0000
__size_of_double_data_set              (abs)        0000
__size_of_double_to_byte_array         (abs)        0000
__size_of_extract_receive_packet       (abs)        0000
__size_of_get_adcon                    (abs)        0000
__size_of_get_pt                       (abs)        0000
__size_of_isr                          (abs)        0000
__size_of_main                         (abs)        0000
__size_of_number_to_string_char        (abs)        0000
__size_of_pic_port_init                (abs)        0000
__size_of_process_1                    (abs)        0000
__size_of_process_10                   (abs)        0000
__size_of_process_100                  (abs)        0000
__size_of_process_1_null               (abs)        0000
__size_of_put_char                     (abs)        0000
__size_of_put_string                   (abs)        0000
__size_of_receive_packet               (abs)        0000
__size_of_rx_packet_clear              (abs)        0000
__size_of_send_data_slave              (abs)        0000
__size_of_send_packet                  (abs)        0000
__size_of_sent_data_set                (abs)        0000
__size_of_spi_slave_receive            (abs)        0000
__size_of_spi_slave_send               (abs)        0000
__size_of_spi_slave_start              (abs)        0000
__size_of_tx_packet_clear              (abs)        0000
__size_of_uart_init                    (abs)        0000
__size_of_uint16_data_set              (abs)        0000
__size_of_uint16_to_byte_array         (abs)        0000
__size_of_uint8_data_set               (abs)        0000
__stringbase                           strings      080F
__stringtab                            strings      0800
_bit_shift                             text25       0BC9
_buf_send                              text37       0B5D
_check_flag                            text38       092D
_double_data_set                       text7        0AF3
_double_to_byte_array                  text8        0A38
_extract_receive_packet                text29       0C76
_get_adcon                             text24       0E1F
_get_pt                                text22       0760
_get_pt$1195                           cstackBANK3  01A2
_isr                                   text32       0C02
_main                                  maintext     003A
_number_to_string_char                 text14       0CF1
_pic_port_init                         text13       0962
_process_1                             text18       0D34
_process_10                            text17       0F30
_process_100                           text16       0C3C
_process_1_null                        text15       0DC6
_put_char                              text12       093A
_put_string                            text11       0B93
_receive_packet                        text35       0CB2
_rx_packet                             bssBANK0     0042
_rx_packet_clear                       text30       09F9
_rx_packet_status                      bssBANK3     01A9
_send_data_slave                       text10       0954
_send_packet                           text33       0A90
_sent_data_set                         text3        0ED5
_spi_slave_receive                     text36       0980
_spi_slave_send                        text39       09A2
_spi_slave_start                       text2        0AC1
_tx_packet                             bssBANK1     00CF
_tx_packet_clear                       text34       09DF
_tx_packet_status                      bssCOMMON    007C
_uart_init                             text1        0947
_uint16_data_set                       text5        0B28
_uint16_to_byte_array                  text6        0A64
_uint8_data_set                        text4        07D8
bit_shift@bit_mask_for_l               strings      0812
bit_shift@p_ad_value                   cstackBANK1  00A5
bit_shift@p_adres                      cstackBANK1  00A0
btemp                                  (abs)        007E
buf_send@buf                           cstackCOMMON 0072
buf_send@i                             cstackCOMMON 0071
clear_ram0                             clrtext      0925
double_data_set@buf                    cstackBANK1  00AB
double_data_set@data_len               cstackBANK1  00A9
double_data_set@i                      cstackBANK1  00B1
double_data_set@p_data                 cstackBANK1  00B0
double_to_byte_array@converter         cstackBANK1  00A3
double_to_byte_array@i                 cstackBANK1  00A8
double_to_byte_array@p_data            cstackBANK1  00A7
double_to_byte_array@p_data_array      cstackBANK1  00A0
end_of_initialization                  cinit        0036
extract_receive_packet@i               cstackBANK1  00A6
extract_receive_packet@p_data_buf      cstackBANK1  00A2
extract_receive_packet@p_data_len_buf  cstackBANK1  00A3
extract_receive_packet@p_data_type_buf cstackBANK1  00A5
get_adcon@ad_value                     cstackBANK1  00C6
get_adcon@adcon_shift                  cstackBANK1  00C0
get_adcon@my_adres                     cstackBANK1  00C4
get_adcon@voltage_value                cstackBANK1  00C1
get_pt@light                           cstackBANK3  019F
get_pt@volt                            cstackBANK1  00CC
init_fetch0                            inittext     0991
init_ram0                              inittext     0995
interrupt_function                     intentry     0004
intlevel0                              functab      0000
intlevel1                              functab      0000
intlevel2                              functab      0000
intlevel3                              functab      0000
intlevel4                              functab      0000
intlevel5                              functab      0000
isr@isr_spi_buf                        cstackCOMMON 007B
ltemp                                  (abs)        007E
ltemp0                                 (abs)        007E
ltemp1                                 (abs)        0082
ltemp2                                 (abs)        0086
ltemp3                                 (abs)        0080
main@F1179                             dataBANK3    0190
main@adcon_shift                       cstackBANK2  015E
main@counter                           cstackBANK2  0154
main@i                                 cstackBANK2  015A
main@light1                            cstackBANK2  0131
main@light2                            cstackBANK2  0134
main@light3                            cstackBANK2  0137
main@light4                            cstackBANK2  013A
main@light5                            cstackBANK2  013D
main@light6                            cstackBANK2  0140
main@r_data                            cstackBANK2  0110
main@r_data_len                        cstackBANK2  0144
main@r_data_type                       cstackBANK2  0143
main@send_data                         cstackBANK2  0145
main@temp                              cstackBANK2  012E
main@temp_buf_c                        cstackBANK2  0155
main@temp_c                            cstackBANK2  015F
main@volt                              cstackBANK2  015B
number_to_string_char@buf              cstackBANK1  00BE
number_to_string_char@flag             cstackBANK1  00BD
number_to_string_char@num              cstackBANK1  00BA
process_100@num                        cstackBANK1  00B8
process_100@p_buf                      cstackBANK1  00B4
process_100@p_flag                     cstackBANK1  00B3
process_100@remainder_100              cstackBANK1  00B9
process_10@divide_10                   cstackBANK1  00AE
process_10@i                           cstackBANK1  00B1
process_10@num                         cstackBANK1  00B2
process_10@p_buf                       cstackBANK1  00AA
process_10@p_flag                      cstackBANK1  00A9
process_10@remainder_10                cstackBANK1  00AF
process_10@val                         cstackBANK1  00B0
process_1@divide_1                     cstackBANK1  00A5
process_1@i                            cstackBANK1  00A6
process_1@num                          cstackBANK1  00A4
process_1@p_buf                        cstackBANK1  00A1
process_1@p_flag                       cstackBANK1  00A0
process_1@val                          cstackBANK1  00A8
process_1_null@divide_1                cstackBANK1  00A5
process_1_null@i                       cstackBANK1  00A6
process_1_null@num                     cstackBANK1  00A4
process_1_null@p_buf                   cstackBANK1  00A1
process_1_null@p_flag                  cstackBANK1  00A0
process_1_null@val                     cstackBANK1  00A8
put_char@byte_data                     cstackBANK1  00A0
put_string@str                         cstackBANK1  00A1
receive_packet@i                       cstackBANK0  0041
receive_packet@receive_buf             cstackBANK0  0020
reset_vec                              reset_vec    0000
rx_packet_clear@i                      cstackBANK1  00A1
saved_w                                (abs)        007E
send_data_slave@data_end_command       cstackBANK1  00A0
send_data_slave@data_type              cstackBANK1  00A2
send_packet@i                          cstackCOMMON 0074
sent_data_set@byte_of_type             cstackBANK1  00B3
sent_data_set@data_len                 cstackBANK1  00B2
sent_data_set@p_data                   cstackBANK1  00B9
spi_slave_receive@p_get                cstackCOMMON 0071
spi_slave_send@buf                     cstackCOMMON 0071
spi_slave_send@data                    cstackCOMMON 0072
spi_slave_start@spi_isr                cstackBANK1  00A0
stackhi                                (abs)        0000
stacklo                                (abs)        0000
start                                  init         0012
start_initialization                   cinit        0015
ttemp                                  (abs)        007E
ttemp0                                 (abs)        007E
ttemp1                                 (abs)        0081
ttemp2                                 (abs)        0084
ttemp3                                 (abs)        0087
ttemp4                                 (abs)        007F
tx_packet_clear@i                      cstackCOMMON 0071
uint16_data_set@buf                    cstackBANK1  00A7
uint16_data_set@data_len               cstackBANK1  00A5
uint16_data_set@i                      cstackBANK1  00AB
uint16_data_set@p_data                 cstackBANK1  00AA
uint16_to_byte_array@bit_mask          strings      0810
uint16_to_byte_array@p_data            cstackBANK1  00A4
uint16_to_byte_array@p_data_array      cstackBANK1  00A0
uint8_data_set@data_len                cstackBANK1  00A0
uint8_data_set@p_data                  cstackBANK1  00A2
wtemp                                  (abs)        007E
wtemp0                                 (abs)        007E
wtemp1                                 (abs)        0080
wtemp2                                 (abs)        0082
wtemp3                                 (abs)        0084
wtemp4                                 (abs)        0086
wtemp5                                 (abs)        0088
wtemp6                                 (abs)        007F


FUNCTION INFORMATION:

 *************** function _main *****************
 Defined at:
		line 43 in file "main.c"
 Parameters:    Size  Location     Type
		None
 Auto vars:     Size  Location     Type
  r_data         30    0[BANK2 ] unsigned char [30]
  send_data      15   53[BANK2 ] unsigned char [15]
  temp_buf_c      5   69[BANK2 ] unsigned char [5]
  volt            3   75[BANK2 ] unsigned char [5]
  light6          3   48[BANK2 ] unsigned char [5]
  light5          3   45[BANK2 ] unsigned char [5]
  light4          3   42[BANK2 ] unsigned char [5]
  light3          3   39[BANK2 ] unsigned char [5]
  light2          3   36[BANK2 ] unsigned char [5]
  light1          3   33[BANK2 ] unsigned char [5]
  temp            3   30[BANK2 ] unsigned char [5]
  t_average       3    0        unsigned char [5]
  temp_d          3    0        unsigned char [5]
  temp_buf        2    0        unsigned int 
  temp_c          1   79[BANK2 ] unsigned char 
  adcon_shift     1   78[BANK2 ] unsigned char 
  i               1   74[BANK2 ] unsigned char 
  counter         1   68[BANK2 ] unsigned char 
  r_data_len      1   52[BANK2 ] unsigned char 
  r_data_type     1   51[BANK2 ] unsigned char 
 Return value:  Size  Location     Type
                  2   50[None  ] int 
 Registers used:
		wreg, fsr0l, fsr0h, status,2, status,0, btemp+1, pclath, cstack
 Tracked objects:
		On entry : 
		On exit  : 
		Unchanged: 
 Data sizes:     COMMON   BANK0   BANK1   BANK3   BANK2
      Params:         0       0       0       0       0
      Locals:         0       0       0       0      80
      Temps:          0       0       0       4       0
      Totals:         0       0       0       4      80
Total ram usage:       84 bytes
 Hardware stack levels required when called:    7
 This function calls:
		___ftmul
		___fttol
		_extract_receive_packet
		_get_adcon
		_get_pt
		_number_to_string_char
		_pic_port_init
		_put_char
		_put_string
		_send_data_slave
		_sent_data_set
		_spi_slave_start
		_uart_init
 This function is called by:
		Startup code after reset
 This function uses a non-reentrant model


 *************** function _uart_init *****************
 Defined at:
		line 38 in file "uart.c"
 Parameters:    Size  Location     Type
		None
 Auto vars:     Size  Location     Type
		None
 Return value:  Size  Location     Type
		None               void
 Registers used:
		wreg
 Tracked objects:
		On entry : 
		On exit  : 
		Unchanged: 
 Data sizes:     COMMON   BANK0   BANK1   BANK3   BANK2
      Params:         0       0       0       0       0
      Locals:         0       0       0       0       0
      Temps:          0       0       0       0       0
      Totals:         0       0       0       0       0
Total ram usage:        0 bytes
 Hardware stack levels used:    1
 Hardware stack levels required when called:    3
 This function calls:
		Nothing
 This function is called by:
		_main
 This function uses a non-reentrant model


 *************** function _spi_slave_start *****************
 Defined at:
		line 39 in file "spi_slave.c"
 Parameters:    Size  Location     Type
  spi_isr         1    wreg     enum E1101
 Auto vars:     Size  Location     Type
  spi_isr         1    0[BANK1 ] enum E1101
 Return value:  Size  Location     Type
		None               void
 Registers used:
		wreg, status,2, status,0
 Tracked objects:
		On entry : 
		On exit  : 
		Unchanged: 
 Data sizes:     COMMON   BANK0   BANK1   BANK3   BANK2
      Params:         0       0       0       0       0
      Locals:         0       0       1       0       0
      Temps:          0       0       0       0       0
      Totals:         0       0       1       0       0
Total ram usage:        1 bytes
 Hardware stack levels used:    1
 Hardware stack levels required when called:    3
 This function calls:
		Nothing
 This function is called by:
		_main
 This function uses a non-reentrant model


 *************** function _sent_data_set *****************
 Defined at:
		line 100 in file "protocol.c"
 Parameters:    Size  Location     Type
  p_data          1    wreg     PTR void 
		 -> main@send_data(15), 
  data_len        1   18[BANK1 ] unsigned char 
  byte_of_type    1   19[BANK1 ] unsigned char 
 Auto vars:     Size  Location     Type
  p_data          1   25[BANK1 ] PTR void 
		 -> main@send_data(15), 
 Return value:  Size  Location     Type
                  1    wreg      unsigned char 
 Registers used:
		wreg, fsr0l, fsr0h, status,2, status,0, pclath, cstack
 Tracked objects:
		On entry : 
		On exit  : 
		Unchanged: 
 Data sizes:     COMMON   BANK0   BANK1   BANK3   BANK2
      Params:         0       0       2       0       0
      Locals:         0       0       1       0       0
      Temps:          0       0       5       0       0
      Totals:         0       0       8       0       0
Total ram usage:        8 bytes
 Hardware stack levels used:    1
 Hardware stack levels required when called:    5
 This function calls:
		___wmul
		_double_data_set
		_uint16_data_set
		_uint8_data_set
 This function is called by:
		_main
 This function uses a non-reentrant model


 *************** function _uint8_data_set *****************
 Defined at:
		line 370 in file "protocol.c"
 Parameters:    Size  Location     Type
  p_data          1    wreg     PTR unsigned char 
		 -> main@send_data(15), 
  data_len        1    0[BANK1 ] unsigned char 
 Auto vars:     Size  Location     Type
  p_data          1    2[BANK1 ] PTR unsigned char 
		 -> main@send_data(15), 
 Return value:  Size  Location     Type
		None               void
 Registers used:
		wreg, fsr0l, fsr0h, status,2, status,0
 Tracked objects:
		On entry : 
		On exit  : 
		Unchanged: 
 Data sizes:     COMMON   BANK0   BANK1   BANK3   BANK2
      Params:         0       0       1       0       0
      Locals:         0       0       1       0       0
      Temps:          0       0       1       0       0
      Totals:         0       0       3       0       0
Total ram usage:        3 bytes
 Hardware stack levels used:    1
 Hardware stack levels required when called:    3
 This function calls:
		Nothing
 This function is called by:
		_sent_data_set
 This function uses a non-reentrant model


 *************** function _uint16_data_set *****************
 Defined at:
		line 392 in file "protocol.c"
 Parameters:    Size  Location     Type
  p_data          1    wreg     PTR unsigned int 
		 -> main@send_data(15), 
  data_len        1    5[BANK1 ] unsigned char 
 Auto vars:     Size  Location     Type
  p_data          1   10[BANK1 ] PTR unsigned int 
		 -> main@send_data(15), 
  buf             3    7[BANK1 ] unsigned char [3]
  i               1   11[BANK1 ] unsigned char 
 Return value:  Size  Location     Type
		None               void
 Registers used:
		wreg, fsr0l, fsr0h, status,2, status,0, pclath, cstack
 Tracked objects:
		On entry : 
		On exit  : 
		Unchanged: 
 Data sizes:     COMMON   BANK0   BANK1   BANK3   BANK2
      Params:         0       0       1       0       0
      Locals:         0       0       5       0       0
      Temps:          0       0       1       0       0
      Totals:         0       0       7       0       0
Total ram usage:        7 bytes
 Hardware stack levels used:    1
 Hardware stack levels required when called:    4
 This function calls:
		_uint16_to_byte_array
 This function is called by:
		_sent_data_set
 This function uses a non-reentrant model


 *************** function _uint16_to_byte_array *****************
 Defined at:
		line 450 in file "protocol.c"
 Parameters:    Size  Location     Type
  p_data          1    wreg     PTR unsigned int 
		 -> main@send_data(15), 
  p_data_array    1    0[BANK1 ] PTR unsigned char 
		 -> uint16_data_set@buf(3), 
 Auto vars:     Size  Location     Type
  p_data          1    4[BANK1 ] PTR unsigned int 
		 -> main@send_data(15), 
 Return value:  Size  Location     Type
		None               void
 Registers used:
		wreg, fsr0l, fsr0h, status,2, status,0, pclath
 Tracked objects:
		On entry : 
		On exit  : 
		Unchanged: 
 Data sizes:     COMMON   BANK0   BANK1   BANK3   BANK2
      Params:         0       0       1       0       0
      Locals:         0       0       1       0       0
      Temps:          0       0       3       0       0
      Totals:         0       0       5       0       0
Total ram usage:        5 bytes
 Hardware stack levels used:    1
 Hardware stack levels required when called:    3
 This function calls:
		Nothing
 This function is called by:
		_uint16_data_set
 This function uses a non-reentrant model


 *************** function _double_data_set *****************
 Defined at:
		line 421 in file "protocol.c"
 Parameters:    Size  Location     Type
  p_data          1    wreg     PTR 
		 -> main@send_data(15), 
  data_len        1    9[BANK1 ] unsigned char 
 Auto vars:     Size  Location     Type
  p_data          1   16[BANK1 ] PTR 
		 -> main@send_data(15), 
  buf             5   11[BANK1 ] unsigned char [5]
  i               1   17[BANK1 ] unsigned char 
 Return value:  Size  Location     Type
		None               void
 Registers used:
		wreg, fsr0l, fsr0h, status,2, status,0, pclath, cstack
 Tracked objects:
		On entry : 
		On exit  : 
		Unchanged: 
 Data sizes:     COMMON   BANK0   BANK1   BANK3   BANK2
      Params:         0       0       1       0       0
      Locals:         0       0       7       0       0
      Temps:          0       0       1       0       0
      Totals:         0       0       9       0       0
Total ram usage:        9 bytes
 Hardware stack levels used:    1
 Hardware stack levels required when called:    4
 This function calls:
		_double_to_byte_array
 This function is called by:
		_sent_data_set
 This function uses a non-reentrant model


 *************** function _double_to_byte_array *****************
 Defined at:
		line 472 in file "protocol.c"
 Parameters:    Size  Location     Type
  p_data          1    wreg     PTR 
		 -> main@send_data(15), 
  p_data_array    1    0[BANK1 ] PTR unsigned char 
		 -> double_data_set@buf(5), 
 Auto vars:     Size  Location     Type
  p_data          1    7[BANK1 ] PTR 
		 -> main@send_data(15), 
  converter       4    3[BANK1 ] struct .
  i               1    8[BANK1 ] unsigned char 
 Return value:  Size  Location     Type
		None               void
 Registers used:
		wreg, fsr0l, fsr0h, status,2, status,0
 Tracked objects:
		On entry : 
		On exit  : 
		Unchanged: 
 Data sizes:     COMMON   BANK0   BANK1   BANK3   BANK2
      Params:         0       0       1       0       0
      Locals:         0       0       6       0       0
      Temps:          0       0       2       0       0
      Totals:         0       0       9       0       0
Total ram usage:        9 bytes
 Hardware stack levels used:    1
 Hardware stack levels required when called:    3
 This function calls:
		Nothing
 This function is called by:
		_double_data_set
 This function uses a non-reentrant model


 *************** function ___wmul *****************
 Defined at:
		line 15 in file "C:\Program Files (x86)\Microchip\xc8\v1.35\sources\common\Umul16.c"
 Parameters:    Size  Location     Type
  multiplier      2    0[BANK1 ] unsigned int 
  multiplicand    2    2[BANK1 ] unsigned int 
 Auto vars:     Size  Location     Type
  product         2    4[BANK1 ] unsigned int 
 Return value:  Size  Location     Type
                  2    0[BANK1 ] unsigned int 
 Registers used:
		wreg, status,2, status,0
 Tracked objects:
		On entry : 
		On exit  : 
		Unchanged: 
 Data sizes:     COMMON   BANK0   BANK1   BANK3   BANK2
      Params:         0       0       4       0       0
      Locals:         0       0       2       0       0
      Temps:          0       0       0       0       0
      Totals:         0       0       6       0       0
Total ram usage:        6 bytes
 Hardware stack levels used:    1
 Hardware stack levels required when called:    3
 This function calls:
		Nothing
 This function is called by:
		_sent_data_set
 This function uses a non-reentrant model


 *************** function _send_data_slave *****************
 Defined at:
		line 141 in file "protocol.c"
 Parameters:    Size  Location     Type
  data_type       1    wreg     enum E1107
  data_end_com    1    0[BANK1 ] enum E1112
 Auto vars:     Size  Location     Type
  data_type       1    2[BANK1 ] enum E1107
 Return value:  Size  Location     Type
		None               void
 Registers used:
		wreg
 Tracked objects:
		On entry : 
		On exit  : 
		Unchanged: 
 Data sizes:     COMMON   BANK0   BANK1   BANK3   BANK2
      Params:         0       0       1       0       0
      Locals:         0       0       1       0       0
      Temps:          0       0       1       0       0
      Totals:         0       0       3       0       0
Total ram usage:        3 bytes
 Hardware stack levels used:    1
 Hardware stack levels required when called:    3
 This function calls:
		Nothing
 This function is called by:
		_main
 This function uses a non-reentrant model


 *************** function _put_string *****************
 Defined at:
		line 77 in file "uart.c"
 Parameters:    Size  Location     Type
  str             2    1[BANK1 ] PTR unsigned char 
		 -> STR_1(23), main@send_data(15), 
 Auto vars:     Size  Location     Type
		None
 Return value:  Size  Location     Type
		None               void
 Registers used:
		wreg, fsr0l, fsr0h, status,2, status,0, btemp+1, pclath, cstack
 Tracked objects:
		On entry : 
		On exit  : 
		Unchanged: 
 Data sizes:     COMMON   BANK0   BANK1   BANK3   BANK2
      Params:         0       0       2       0       0
      Locals:         0       0       0       0       0
      Temps:          0       0       0       0       0
      Totals:         0       0       2       0       0
Total ram usage:        2 bytes
 Hardware stack levels used:    1
 Hardware stack levels required when called:    4
 This function calls:
		_put_char
 This function is called by:
		_main
 This function uses a non-reentrant model


 *************** function _put_char *****************
 Defined at:
		line 61 in file "uart.c"
 Parameters:    Size  Location     Type
  byte_data       1    wreg     unsigned char 
 Auto vars:     Size  Location     Type
  byte_data       1    0[BANK1 ] unsigned char 
 Return value:  Size  Location     Type
		None               void
 Registers used:
		wreg
 Tracked objects:
		On entry : 
		On exit  : 
		Unchanged: 
 Data sizes:     COMMON   BANK0   BANK1   BANK3   BANK2
      Params:         0       0       0       0       0
      Locals:         0       0       1       0       0
      Temps:          0       0       0       0       0
      Totals:         0       0       1       0       0
Total ram usage:        1 bytes
 Hardware stack levels used:    1
 Hardware stack levels required when called:    3
 This function calls:
		Nothing
 This function is called by:
		_main
		_put_string
 This function uses a non-reentrant model


 *************** function _pic_port_init *****************
 Defined at:
		line 262 in file "main.c"
 Parameters:    Size  Location     Type
		None
 Auto vars:     Size  Location     Type
		None
 Return value:  Size  Location     Type
		None               void
 Registers used:
		status,2
 Tracked objects:
		On entry : 
		On exit  : 
		Unchanged: 
 Data sizes:     COMMON   BANK0   BANK1   BANK3   BANK2
      Params:         0       0       0       0       0
      Locals:         0       0       0       0       0
      Temps:          0       0       0       0       0
      Totals:         0       0       0       0       0
Total ram usage:        0 bytes
 Hardware stack levels used:    1
 Hardware stack levels required when called:    3
 This function calls:
		Nothing
 This function is called by:
		_main
 This function uses a non-reentrant model


 *************** function _number_to_string_char *****************
 Defined at:
		line 22 in file "convert.c"
 Parameters:    Size  Location     Type
  buf             1    wreg     PTR unsigned char 
		 -> main@temp_buf_c(5), 
  num             1   26[BANK1 ] unsigned char 
 Auto vars:     Size  Location     Type
  buf             1   30[BANK1 ] PTR unsigned char 
		 -> main@temp_buf_c(5), 
  flag            1   29[BANK1 ] unsigned char 
 Return value:  Size  Location     Type
		None               void
 Registers used:
		wreg, fsr0l, fsr0h, status,2, status,0, pclath, cstack
 Tracked objects:
		On entry : 
		On exit  : 
		Unchanged: 
 Data sizes:     COMMON   BANK0   BANK1   BANK3   BANK2
      Params:         0       0       1       0       0
      Locals:         0       0       2       0       0
      Temps:          0       0       2       0       0
      Totals:         0       0       5       0       0
Total ram usage:        5 bytes
 Hardware stack levels used:    1
 Hardware stack levels required when called:    6
 This function calls:
		___bmul
		_process_10
		_process_100
		_process_1_null
 This function is called by:
		_main
 This function uses a non-reentrant model


 *************** function _process_1_null *****************
 Defined at:
		line 126 in file "convert.c"
 Parameters:    Size  Location     Type
  num             1    wreg     unsigned char 
  p_flag          1    0[BANK1 ] PTR unsigned char 
		 -> number_to_string_char@flag(1), 
  p_buf           1    1[BANK1 ] PTR unsigned char 
		 -> main@temp_buf_c(5), 
 Auto vars:     Size  Location     Type
  num             1    4[BANK1 ] unsigned char 
  i               2    6[BANK1 ] int 
  val             1    8[BANK1 ] unsigned char 
  divide_1        1    5[BANK1 ] unsigned char 
 Return value:  Size  Location     Type
		None               void
 Registers used:
		wreg, fsr0l, fsr0h, status,2, status,0
 Tracked objects:
		On entry : 
		On exit  : 
		Unchanged: 
 Data sizes:     COMMON   BANK0   BANK1   BANK3   BANK2
      Params:         0       0       2       0       0
      Locals:         0       0       5       0       0
      Temps:          0       0       2       0       0
      Totals:         0       0       9       0       0
Total ram usage:        9 bytes
 Hardware stack levels used:    1
 Hardware stack levels required when called:    3
 This function calls:
		Nothing
 This function is called by:
		_number_to_string_char
 This function uses a non-reentrant model


 *************** function _process_100 *****************
 Defined at:
		line 71 in file "convert.c"
 Parameters:    Size  Location     Type
  num             1    wreg     unsigned char 
  p_flag          1   19[BANK1 ] PTR unsigned char 
		 -> number_to_string_char@flag(1), 
  p_buf           1   20[BANK1 ] PTR unsigned char 
		 -> main@temp_buf_c(5), 
 Auto vars:     Size  Location     Type
  num             1   24[BANK1 ] unsigned char 
  remainder_10    1   25[BANK1 ] unsigned char 
 Return value:  Size  Location     Type
		None               void
 Registers used:
		wreg, fsr0l, fsr0h, status,2, status,0, pclath, cstack
 Tracked objects:
		On entry : 
		On exit  : 
		Unchanged: 
 Data sizes:     COMMON   BANK0   BANK1   BANK3   BANK2
      Params:         0       0       2       0       0
      Locals:         0       0       2       0       0
      Temps:          0       0       3       0       0
      Totals:         0       0       7       0       0
Total ram usage:        7 bytes
 Hardware stack levels used:    1
 Hardware stack levels required when called:    5
 This function calls:
		___awmod
		_process_10
 This function is called by:
		_number_to_string_char
 This function uses a non-reentrant model


 *************** function _process_10 *****************
 Defined at:
		line 85 in file "convert.c"
 Parameters:    Size  Location     Type
  num             1    wreg     unsigned char 
  p_flag          1    9[BANK1 ] PTR unsigned char 
		 -> number_to_string_char@flag(1), 
  p_buf           1   10[BANK1 ] PTR unsigned char 
		 -> main@temp_buf_c(5), 
 Auto vars:     Size  Location     Type
  num             1   18[BANK1 ] unsigned char 
  i               1   17[BANK1 ] unsigned char 
  val             1   16[BANK1 ] unsigned char 
  remainder_10    1   15[BANK1 ] unsigned char 
  divide_10       1   14[BANK1 ] unsigned char 
 Return value:  Size  Location     Type
		None               void
 Registers used:
		wreg, fsr0l, fsr0h, status,2, status,0, pclath, cstack
 Tracked objects:
		On entry : 
		On exit  : 
		Unchanged: 
 Data sizes:     COMMON   BANK0   BANK1   BANK3   BANK2
      Params:         0       0       2       0       0
      Locals:         0       0       5       0       0
      Temps:          0       0       3       0       0
      Totals:         0       0      10       0       0
Total ram usage:       10 bytes
 Hardware stack levels used:    1
 Hardware stack levels required when called:    4
 This function calls:
		___awdiv
		___awmod
		_process_1
 This function is called by:
		_number_to_string_char
		_process_100
 This function uses a non-reentrant model


 *************** function _process_1 *****************
 Defined at:
		line 107 in file "convert.c"
 Parameters:    Size  Location     Type
  num             1    wreg     unsigned char 
  p_flag          1    0[BANK1 ] PTR unsigned char 
		 -> number_to_string_char@flag(1), 
  p_buf           1    1[BANK1 ] PTR unsigned char 
		 -> main@temp_buf_c(5), 
 Auto vars:     Size  Location     Type
  num             1    4[BANK1 ] unsigned char 
  i               2    6[BANK1 ] int 
  val             1    8[BANK1 ] unsigned char 
  divide_1        1    5[BANK1 ] unsigned char 
 Return value:  Size  Location     Type
		None               void
 Registers used:
		wreg, fsr0l, fsr0h, status,2, status,0
 Tracked objects:
		On entry : 
		On exit  : 
		Unchanged: 
 Data sizes:     COMMON   BANK0   BANK1   BANK3   BANK2
      Params:         0       0       2       0       0
      Locals:         0       0       5       0       0
      Temps:          0       0       2       0       0
      Totals:         0       0       9       0       0
Total ram usage:        9 bytes
 Hardware stack levels used:    1
 Hardware stack levels required when called:    3
 This function calls:
		Nothing
 This function is called by:
		_process_10
 This function uses a non-reentrant model


 *************** function ___awmod *****************
 Defined at:
		line 6 in file "C:\Program Files (x86)\Microchip\xc8\v1.35\sources\common\awmod.c"
 Parameters:    Size  Location     Type
  divisor         2    0[BANK1 ] int 
  dividend        2    2[BANK1 ] int 
 Auto vars:     Size  Location     Type
  sign            1    6[BANK1 ] unsigned char 
  counter         1    5[BANK1 ] unsigned char 
 Return value:  Size  Location     Type
                  2    0[BANK1 ] int 
 Registers used:
		wreg, status,2, status,0
 Tracked objects:
		On entry : 
		On exit  : 
		Unchanged: 
 Data sizes:     COMMON   BANK0   BANK1   BANK3   BANK2
      Params:         0       0       4       0       0
      Locals:         0       0       2       0       0
      Temps:          0       0       1       0       0
      Totals:         0       0       7       0       0
Total ram usage:        7 bytes
 Hardware stack levels used:    1
 Hardware stack levels required when called:    3
 This function calls:
		Nothing
 This function is called by:
		_process_100
		_process_10
 This function uses a non-reentrant model


 *************** function ___awdiv *****************
 Defined at:
		line 6 in file "C:\Program Files (x86)\Microchip\xc8\v1.35\sources\common\awdiv.c"
 Parameters:    Size  Location     Type
  divisor         2    0[BANK1 ] int 
  dividend        2    2[BANK1 ] int 
 Auto vars:     Size  Location     Type
  quotient        2    7[BANK1 ] int 
  sign            1    6[BANK1 ] unsigned char 
  counter         1    5[BANK1 ] unsigned char 
 Return value:  Size  Location     Type
                  2    0[BANK1 ] int 
 Registers used:
		wreg, status,2, status,0
 Tracked objects:
		On entry : 
		On exit  : 
		Unchanged: 
 Data sizes:     COMMON   BANK0   BANK1   BANK3   BANK2
      Params:         0       0       4       0       0
      Locals:         0       0       4       0       0
      Temps:          0       0       1       0       0
      Totals:         0       0       9       0       0
Total ram usage:        9 bytes
 Hardware stack levels used:    1
 Hardware stack levels required when called:    3
 This function calls:
		Nothing
 This function is called by:
		_process_10
 This function uses a non-reentrant model


 *************** function ___bmul *****************
 Defined at:
		line 4 in file "C:\Program Files (x86)\Microchip\xc8\v1.35\sources\common\Umul8.c"
 Parameters:    Size  Location     Type
  multiplier      1    wreg     unsigned char 
  multiplicand    1    0[BANK1 ] unsigned char 
 Auto vars:     Size  Location     Type
  multiplier      1    3[BANK1 ] unsigned char 
  product         1    2[BANK1 ] unsigned char 
 Return value:  Size  Location     Type
                  1    wreg      unsigned char 
 Registers used:
		wreg, status,2, status,0
 Tracked objects:
		On entry : 
		On exit  : 
		Unchanged: 
 Data sizes:     COMMON   BANK0   BANK1   BANK3   BANK2
      Params:         0       0       1       0       0
      Locals:         0       0       2       0       0
      Temps:          0       0       1       0       0
      Totals:         0       0       4       0       0
Total ram usage:        4 bytes
 Hardware stack levels used:    1
 Hardware stack levels required when called:    3
 This function calls:
		Nothing
 This function is called by:
		_number_to_string_char
 This function uses a non-reentrant model


 *************** function _get_pt *****************
 Defined at:
		line 50 in file "light.c"
 Parameters:    Size  Location     Type
  volt            3   44[BANK1 ] unsigned char 
 Auto vars:     Size  Location     Type
  light           3    0[BANK3 ] unsigned char 
 Return value:  Size  Location     Type
                  3   44[BANK1 ] unsigned char 
 Registers used:
		wreg, status,2, status,0, pclath, cstack
 Tracked objects:
		On entry : 
		On exit  : 
		Unchanged: 
 Data sizes:     COMMON   BANK0   BANK1   BANK3   BANK2
      Params:         0       0       3       0       0
      Locals:         0       0       0       6       0
      Temps:          0       0       0       0       0
      Totals:         0       0       3       6       0
Total ram usage:        9 bytes
 Hardware stack levels used:    1
 Hardware stack levels required when called:    5
 This function calls:
		___ftdiv
		___ftmul
 This function is called by:
		_main
 This function uses a non-reentrant model


 *************** function ___ftdiv *****************
 Defined at:
		line 56 in file "C:\Program Files (x86)\Microchip\xc8\v1.35\sources\common\ftdiv.c"
 Parameters:    Size  Location     Type
  f2              3   28[BANK1 ] float 
  f1              3   31[BANK1 ] float 
 Auto vars:     Size  Location     Type
  f3              3   39[BANK1 ] float 
  sign            1   43[BANK1 ] unsigned char 
  exp             1   42[BANK1 ] unsigned char 
  cntr            1   38[BANK1 ] unsigned char 
 Return value:  Size  Location     Type
                  3   28[BANK1 ] float 
 Registers used:
		wreg, status,2, status,0, pclath, cstack
 Tracked objects:
		On entry : 
		On exit  : 
		Unchanged: 
 Data sizes:     COMMON   BANK0   BANK1   BANK3   BANK2
      Params:         0       0       6       0       0
      Locals:         0       0       6       0       0
      Temps:          0       0       4       0       0
      Totals:         0       0      16       0       0
Total ram usage:       16 bytes
 Hardware stack levels used:    1
 Hardware stack levels required when called:    4
 This function calls:
		___ftpack
 This function is called by:
		_get_pt
		_get_temp
 This function uses a non-reentrant model


 *************** function _get_adcon *****************
 Defined at:
		line 94 in file "AD_value.c"
 Parameters:    Size  Location     Type
  adcon_shift     1    wreg     unsigned char 
 Auto vars:     Size  Location     Type
  adcon_shift     1   32[BANK1 ] unsigned char 
  voltage_valu    3   33[BANK1 ] unsigned char 
  ad_value        2   38[BANK1 ] unsigned int 
  my_adres        2   36[BANK1 ] struct .
 Return value:  Size  Location     Type
                  3   28[BANK1 ] struct .
 Registers used:
		wreg, fsr0l, fsr0h, status,2, status,0, pclath, cstack
 Tracked objects:
		On entry : 
		On exit  : 
		Unchanged: 
 Data sizes:     COMMON   BANK0   BANK1   BANK3   BANK2
      Params:         0       0       3       0       0
      Locals:         0       0       8       0       0
      Temps:          0       0       1       0       0
      Totals:         0       0      12       0       0
Total ram usage:       12 bytes
 Hardware stack levels used:    1
 Hardware stack levels required when called:    5
 This function calls:
		___ftmul
		___lwtoft
		_bit_shift
 This function is called by:
		_main
 This function uses a non-reentrant model


 *************** function _bit_shift *****************
 Defined at:
		line 74 in file "AD_value.c"
 Parameters:    Size  Location     Type
  p_ad_value      1    wreg     PTR unsigned int 
		 -> get_adcon@ad_value(2), 
  p_adres         1    0[BANK1 ] PTR struct .
		 -> get_adcon@my_adres(2), 
 Auto vars:     Size  Location     Type
  p_ad_value      1    5[BANK1 ] PTR unsigned int 
		 -> get_adcon@ad_value(2), 
 Return value:  Size  Location     Type
		None               void
 Registers used:
		wreg, fsr0l, fsr0h, status,2, status,0, pclath
 Tracked objects:
		On entry : 
		On exit  : 
		Unchanged: 
 Data sizes:     COMMON   BANK0   BANK1   BANK3   BANK2
      Params:         0       0       1       0       0
      Locals:         0       0       1       0       0
      Temps:          0       0       4       0       0
      Totals:         0       0       6       0       0
Total ram usage:        6 bytes
 Hardware stack levels used:    1
 Hardware stack levels required when called:    3
 This function calls:
		Nothing
 This function is called by:
		_get_adcon
 This function uses a non-reentrant model


 *************** function ___lwtoft *****************
 Defined at:
		line 28 in file "C:\Program Files (x86)\Microchip\xc8\v1.35\sources\common\lwtoft.c"
 Parameters:    Size  Location     Type
  c               2    8[BANK1 ] unsigned int 
 Auto vars:     Size  Location     Type
		None
 Return value:  Size  Location     Type
                  3    8[BANK1 ] float 
 Registers used:
		wreg, status,2, status,0, pclath, cstack
 Tracked objects:
		On entry : 
		On exit  : 
		Unchanged: 
 Data sizes:     COMMON   BANK0   BANK1   BANK3   BANK2
      Params:         0       0       3       0       0
      Locals:         0       0       0       0       0
      Temps:          0       0       1       0       0
      Totals:         0       0       4       0       0
Total ram usage:        4 bytes
 Hardware stack levels used:    1
 Hardware stack levels required when called:    4
 This function calls:
		___ftpack
 This function is called by:
		_get_adcon
 This function uses a non-reentrant model


 *************** function ___ftmul *****************
 Defined at:
		line 62 in file "C:\Program Files (x86)\Microchip\xc8\v1.35\sources\common\ftmul.c"
 Parameters:    Size  Location     Type
  f1              3   12[BANK1 ] float 
  f2              3   15[BANK1 ] float 
 Auto vars:     Size  Location     Type
  f3_as_produc    3   23[BANK1 ] unsigned um
  sign            1   27[BANK1 ] unsigned char 
  cntr            1   26[BANK1 ] unsigned char 
  exp             1   22[BANK1 ] unsigned char 
 Return value:  Size  Location     Type
                  3   12[BANK1 ] float 
 Registers used:
		wreg, status,2, status,0, pclath, cstack
 Tracked objects:
		On entry : 
		On exit  : 
		Unchanged: 
 Data sizes:     COMMON   BANK0   BANK1   BANK3   BANK2
      Params:         0       0       6       0       0
      Locals:         0       0       6       0       0
      Temps:          0       0       4       0       0
      Totals:         0       0      16       0       0
Total ram usage:       16 bytes
 Hardware stack levels used:    1
 Hardware stack levels required when called:    4
 This function calls:
		___ftpack
 This function is called by:
		_main
		_get_adcon
		_get_pt
		_get_temp
 This function uses a non-reentrant model


 *************** function ___ftpack *****************
 Defined at:
		line 62 in file "C:\Program Files (x86)\Microchip\xc8\v1.35\sources\common\float.c"
 Parameters:    Size  Location     Type
  arg             3    0[BANK1 ] unsigned um
  exp             1    3[BANK1 ] unsigned char 
  sign            1    4[BANK1 ] unsigned char 
 Auto vars:     Size  Location     Type
		None
 Return value:  Size  Location     Type
                  3    0[BANK1 ] float 
 Registers used:
		wreg, status,2, status,0
 Tracked objects:
		On entry : 
		On exit  : 
		Unchanged: 
 Data sizes:     COMMON   BANK0   BANK1   BANK3   BANK2
      Params:         0       0       5       0       0
      Locals:         0       0       0       0       0
      Temps:          0       0       3       0       0
      Totals:         0       0       8       0       0
Total ram usage:        8 bytes
 Hardware stack levels used:    1
 Hardware stack levels required when called:    3
 This function calls:
		Nothing
 This function is called by:
		___ftdiv
		___ftmul
		___lwtoft
 This function uses a non-reentrant model


 *************** function _extract_receive_packet *****************
 Defined at:
		line 166 in file "protocol.c"
 Parameters:    Size  Location     Type
  p_data_type_    1    wreg     PTR unsigned char 
		 -> main@r_data_type(1), 
  p_data_buf      1    2[BANK1 ] PTR unsigned char 
		 -> main@r_data(30), 
  p_data_len_b    1    3[BANK1 ] PTR unsigned char 
		 -> main@r_data_len(1), 
 Auto vars:     Size  Location     Type
  p_data_type_    1    5[BANK1 ] PTR unsigned char 
		 -> main@r_data_type(1), 
  i               1    6[BANK1 ] unsigned char 
 Return value:  Size  Location     Type
		None               void
 Registers used:
		wreg, fsr0l, fsr0h, status,2, status,0, pclath, cstack
 Tracked objects:
		On entry : 
		On exit  : 
		Unchanged: 
 Data sizes:     COMMON   BANK0   BANK1   BANK3   BANK2
      Params:         0       0       2       0       0
      Locals:         0       0       2       0       0
      Temps:          0       0       1       0       0
      Totals:         0       0       5       0       0
Total ram usage:        5 bytes
 Hardware stack levels used:    1
 Hardware stack levels required when called:    4
 This function calls:
		_rx_packet_clear
 This function is called by:
		_main
 This function uses a non-reentrant model


 *************** function _rx_packet_clear *****************
 Defined at:
		line 231 in file "protocol.c"
 Parameters:    Size  Location     Type
		None
 Auto vars:     Size  Location     Type
  i               1    1[BANK1 ] unsigned char 
 Return value:  Size  Location     Type
		None               void
 Registers used:
		wreg, fsr0l, fsr0h, status,2, status,0
 Tracked objects:
		On entry : 
		On exit  : 
		Unchanged: 
 Data sizes:     COMMON   BANK0   BANK1   BANK3   BANK2
      Params:         0       0       0       0       0
      Locals:         0       0       1       0       0
      Temps:          0       0       1       0       0
      Totals:         0       0       2       0       0
Total ram usage:        2 bytes
 Hardware stack levels used:    1
 Hardware stack levels required when called:    3
 This function calls:
		Nothing
 This function is called by:
		_extract_receive_packet
 This function uses a non-reentrant model


 *************** function ___fttol *****************
 Defined at:
		line 44 in file "C:\Program Files (x86)\Microchip\xc8\v1.35\sources\common\fttol.c"
 Parameters:    Size  Location     Type
  f1              3    0[BANK1 ] float 
 Auto vars:     Size  Location     Type
  lval            4    9[BANK1 ] unsigned long 
  exp1            1   13[BANK1 ] unsigned char 
  sign1           1    8[BANK1 ] unsigned char 
 Return value:  Size  Location     Type
                  4    0[BANK1 ] long 
 Registers used:
		wreg, status,2, status,0
 Tracked objects:
		On entry : 
		On exit  : 
		Unchanged: 
 Data sizes:     COMMON   BANK0   BANK1   BANK3   BANK2
      Params:         0       0       4       0       0
      Locals:         0       0       6       0       0
      Temps:          0       0       4       0       0
      Totals:         0       0      14       0       0
Total ram usage:       14 bytes
 Hardware stack levels used:    1
 Hardware stack levels required when called:    3
 This function calls:
		Nothing
 This function is called by:
		_main
 This function uses a non-reentrant model


 *************** function _isr *****************
 Defined at:
		line 31 in file "isr.c"
 Parameters:    Size  Location     Type
		None
 Auto vars:     Size  Location     Type
  isr_spi_buf     1   11[COMMON] unsigned char 
 Return value:  Size  Location     Type
		None               void
 Registers used:
		wreg, fsr0l, fsr0h, status,2, status,0, pclath, cstack
 Tracked objects:
		On entry : 
		On exit  : 
		Unchanged: 
 Data sizes:     COMMON   BANK0   BANK1   BANK3   BANK2
      Params:         0       0       0       0       0
      Locals:         1       0       0       0       0
      Temps:          5       0       0       0       0
      Totals:         6       0       0       0       0
Total ram usage:        6 bytes
 Hardware stack levels used:    1
 Hardware stack levels required when called:    2
 This function calls:
		_check_flag
		_receive_packet
		_send_packet
		_spi_slave_receive
 This function is called by:
		Interrupt level 1
 This function uses a non-reentrant model


 *************** function _send_packet *****************
 Defined at:
		line 266 in file "protocol.c"
 Parameters:    Size  Location     Type
		None
 Auto vars:     Size  Location     Type
  i               1    4[COMMON] unsigned char 
  buf             1    0        unsigned char 
 Return value:  Size  Location     Type
		None               void
 Registers used:
		wreg, fsr0l, fsr0h, status,2, status,0, pclath, cstack
 Tracked objects:
		On entry : 
		On exit  : 
		Unchanged: 
 Data sizes:     COMMON   BANK0   BANK1   BANK3   BANK2
      Params:         0       0       0       0       0
      Locals:         1       0       0       0       0
      Temps:          1       0       0       0       0
      Totals:         2       0       0       0       0
Total ram usage:        2 bytes
 Hardware stack levels used:    1
 Hardware stack levels required when called:    1
 This function calls:
		_spi_slave_send
		_tx_packet_clear
 This function is called by:
		_isr
 This function uses a non-reentrant model


 *************** function _tx_packet_clear *****************
 Defined at:
		line 200 in file "protocol.c"
 Parameters:    Size  Location     Type
		None
 Auto vars:     Size  Location     Type
  i               1    1[COMMON] unsigned char 
 Return value:  Size  Location     Type
		None               void
 Registers used:
		wreg, fsr0l, fsr0h, status,2, status,0
 Tracked objects:
		On entry : 
		On exit  : 
		Unchanged: 
 Data sizes:     COMMON   BANK0   BANK1   BANK3   BANK2
      Params:         0       0       0       0       0
      Locals:         1       0       0       0       0
      Temps:          1       0       0       0       0
      Totals:         2       0       0       0       0
Total ram usage:        2 bytes
 Hardware stack levels used:    1
 This function calls:
		Nothing
 This function is called by:
		_send_packet
 This function uses a non-reentrant model


 *************** function _receive_packet *****************
 Defined at:
		line 305 in file "protocol.c"
 Parameters:    Size  Location     Type
		None
 Auto vars:     Size  Location     Type
  receive_buf    33    0[BANK0 ] unsigned char [33]
  i               1   33[BANK0 ] unsigned char 
 Return value:  Size  Location     Type
		None               void
 Registers used:
		wreg, fsr0l, fsr0h, status,2, status,0, pclath, cstack
 Tracked objects:
		On entry : 
		On exit  : 
		Unchanged: 
 Data sizes:     COMMON   BANK0   BANK1   BANK3   BANK2
      Params:         0       0       0       0       0
      Locals:         0      34       0       0       0
      Temps:          3       0       0       0       0
      Totals:         3      34       0       0       0
Total ram usage:       37 bytes
 Hardware stack levels used:    1
 Hardware stack levels required when called:    1
 This function calls:
		_buf_send
		_spi_slave_receive
 This function is called by:
		_isr
 This function uses a non-reentrant model


 *************** function _spi_slave_receive *****************
 Defined at:
		line 120 in file "spi_slave.c"
 Parameters:    Size  Location     Type
  p_get           1    wreg     PTR unsigned char 
		 -> isr@isr_spi_buf(1), receive_packet@receive_buf(33), 
 Auto vars:     Size  Location     Type
  p_get           1    1[COMMON] PTR unsigned char 
		 -> isr@isr_spi_buf(1), receive_packet@receive_buf(33), 
 Return value:  Size  Location     Type
		None               void
 Registers used:
		wreg, fsr0l, fsr0h
 Tracked objects:
		On entry : 
		On exit  : 
		Unchanged: 
 Data sizes:     COMMON   BANK0   BANK1   BANK3   BANK2
      Params:         0       0       0       0       0
      Locals:         1       0       0       0       0
      Temps:          1       0       0       0       0
      Totals:         2       0       0       0       0
Total ram usage:        2 bytes
 Hardware stack levels used:    1
 This function calls:
		Nothing
 This function is called by:
		_receive_packet
		_isr
 This function uses a non-reentrant model


 *************** function _buf_send *****************
 Defined at:
		line 505 in file "protocol.c"
 Parameters:    Size  Location     Type
  buf             1    wreg     PTR unsigned char 
		 -> receive_packet@receive_buf(33), 
 Auto vars:     Size  Location     Type
  buf             1    2[COMMON] PTR unsigned char 
		 -> receive_packet@receive_buf(33), 
  i               1    1[COMMON] unsigned char 
 Return value:  Size  Location     Type
		None               void
 Registers used:
		wreg, fsr0l, fsr0h, status,2, status,0
 Tracked objects:
		On entry : 
		On exit  : 
		Unchanged: 
 Data sizes:     COMMON   BANK0   BANK1   BANK3   BANK2
      Params:         0       0       0       0       0
      Locals:         2       0       0       0       0
      Temps:          1       0       0       0       0
      Totals:         3       0       0       0       0
Total ram usage:        3 bytes
 Hardware stack levels used:    1
 This function calls:
		Nothing
 This function is called by:
		_receive_packet
 This function uses a non-reentrant model


 *************** function _check_flag *****************
 Defined at:
		line 341 in file "protocol.c"
 Parameters:    Size  Location     Type
		None
 Auto vars:     Size  Location     Type
		None
 Return value:  Size  Location     Type
		None               void
 Registers used:
		wreg, status,2, status,0, pclath, cstack
 Tracked objects:
		On entry : 
		On exit  : 
		Unchanged: 
 Data sizes:     COMMON   BANK0   BANK1   BANK3   BANK2
      Params:         0       0       0       0       0
      Locals:         0       0       0       0       0
      Temps:          0       0       0       0       0
      Totals:         0       0       0       0       0
Total ram usage:        0 bytes
 Hardware stack levels used:    1
 Hardware stack levels required when called:    1
 This function calls:
		_spi_slave_send
 This function is called by:
		_isr
 This function uses a non-reentrant model


 *************** function _spi_slave_send *****************
 Defined at:
		line 89 in file "spi_slave.c"
 Parameters:    Size  Location     Type
  data            1    wreg     unsigned char 
 Auto vars:     Size  Location     Type
  data            1    2[COMMON] unsigned char 
  buf             1    1[COMMON] unsigned char 
 Return value:  Size  Location     Type
		None               void
 Registers used:
		wreg
 Tracked objects:
		On entry : 
		On exit  : 
		Unchanged: 
 Data sizes:     COMMON   BANK0   BANK1   BANK3   BANK2
      Params:         0       0       0       0       0
      Locals:         2       0       0       0       0
      Temps:          1       0       0       0       0
      Totals:         3       0       0       0       0
Total ram usage:        3 bytes
 Hardware stack levels used:    1
 This function calls:
		Nothing
 This function is called by:
		_send_packet
		_check_flag
 This function uses a non-reentrant model



MODULE INFORMATION

Module		Function		Class		Link	Load	Size
C:\Program Files (x86)\Microchip\xc8\v1.35\sources\common\awdiv.c
		___awdiv       		CODE           	0E7A	0000	92

C:\Program Files (x86)\Microchip\xc8\v1.35\sources\common\awdiv.c estimated size: 92

uart.c
		_put_string    		CODE           	0B93	0000	55
		_uart_init     		CODE           	0947	0000	14
		_put_char      		CODE           	093A	0000	14

uart.c estimated size: 83

C:\Program Files (x86)\Microchip\xc8\v1.35\sources\common\lwtoft.c
		___lwtoft      		CODE           	09C7	0000	25

C:\Program Files (x86)\Microchip\xc8\v1.35\sources\common\lwtoft.c estimated size: 25

C:\Program Files (x86)\Microchip\xc8\v1.35\sources\common\float.c
		___ftpack      		CODE           	0F92	0000	111

C:\Program Files (x86)\Microchip\xc8\v1.35\sources\common\float.c estimated size: 111

convert.c
		_process_1     		CODE           	0D34	0000	70
		_process_10    		CODE           	0F30	0000	99
		_process_100   		CODE           	0C3C	0000	59
		_process_1_null		CODE           	0DC6	0000	90
		_number_to_string_char		CODE           	0CF1	0000	68

convert.c estimated size: 386

AD_value.c
		_bit_shift     		CODE           	0BC9	0000	58
		_get_adcon     		CODE           	0E1F	0000	92

AD_value.c estimated size: 150

spi_slave.c
		_spi_slave_receive		CODE           	0980	0000	18
		_spi_slave_send		CODE           	09A2	0000	19
		_spi_slave_start		CODE           	0AC1	0000	51

spi_slave.c estimated size: 88

isr.c
		_isr           		CODE           	0C02	0000	59

isr.c estimated size: 59

protocol.c
		_extract_receive_packet		CODE           	0C76	0000	61
		_uint16_data_set		CODE           	0B28	0000	54
		_double_data_set		CODE           	0AF3	0000	54
		_buf_send      		CODE           	0B5D	0000	55
		_send_packet   		CODE           	0A90	0000	50
		_check_flag    		CODE           	092D	0000	14
		_rx_packet_clear		CODE           	09F9	0000	29
		_tx_packet_clear		CODE           	09DF	0000	27
		_uint8_data_set		CODE           	07D8	0000	39
		_sent_data_set 		CODE           	0ED5	0000	92
		_receive_packet		CODE           	0CB2	0000	64
		_send_data_slave		CODE           	0954	0000	15
		_uint16_to_byte_array		CODE           	0A64	0000	45
		_double_to_byte_array		CODE           	0A38	0000	45

protocol.c estimated size: 644

shared
		__stringtab    		STRING         	0800	0000	17
		__initialization		CODE           	0015	0000	34
		uint16_to_byte_array@bit_mask		STRING         	0810	0000	3
		bit_shift@bit_mask_for_l		STRING         	0812	0000	2

shared estimated size: 56

C:\Program Files (x86)\Microchip\xc8\v1.35\sources\common\ftmul.c
		___ftmul       		CODE           	0547	0000	212

C:\Program Files (x86)\Microchip\xc8\v1.35\sources\common\ftmul.c estimated size: 212

C:\Program Files (x86)\Microchip\xc8\v1.35\sources\common\awmod.c
		___awmod       		CODE           	0D79	0000	78

C:\Program Files (x86)\Microchip\xc8\v1.35\sources\common\awmod.c estimated size: 78

light.c
		_get_pt        		CODE           	0760	0000	121

light.c estimated size: 121

C:\Program Files (x86)\Microchip\xc8\v1.35\sources\common\ftdiv.c
		___ftdiv       		CODE           	061A	0000	185

C:\Program Files (x86)\Microchip\xc8\v1.35\sources\common\ftdiv.c estimated size: 185

C:\Program Files (x86)\Microchip\xc8\v1.35\sources\common\Umul16.c
		___wmul        		CODE           	0A15	0000	36

C:\Program Files (x86)\Microchip\xc8\v1.35\sources\common\Umul16.c estimated size: 36

main.c
		_main          		CODE           	003A	0000	1294
		_pic_port_init 		CODE           	0962	0000	16

main.c estimated size: 1310

C:\Program Files (x86)\Microchip\xc8\v1.35\sources\common\Umul8.c
		___bmul        		CODE           	09B4	0000	20

C:\Program Files (x86)\Microchip\xc8\v1.35\sources\common\Umul8.c estimated size: 20

C:\Program Files (x86)\Microchip\xc8\v1.35\sources\common\fttol.c
		___fttol       		CODE           	06D2	0000	143

C:\Program Files (x86)\Microchip\xc8\v1.35\sources\common\fttol.c estimated size: 143

