Microchip MPLAB XC8 Compiler V1.35 ()

Linker command line:

-W-3 --edf=C:\Program Files (x86)\Microchip\xc8\v1.35\dat\en_msgs.txt -cs \
  -h+dist/default/production\No3_COM.X.production.sym \
  --cmf=dist/default/production\No3_COM.X.production.cmf -z -Q16F877A \
  -oC:\Users\Owner\AppData\Local\Temp\s6f4.2 \
  -Mdist/default/production/No3_COM.X.production.map -E1 -ver=XC8 \
  -ASTACK=0110h-016fh -pstack=STACK -ACODE=00h-07FFhx4 -ASTRCODE=00h-01FFFh \
  -ASTRING=00h-0FFhx32 -ACONST=00h-0FFhx32 -AENTRY=00h-0FFhx32 \
  -ACOMMON=070h-07Fh -ABANK0=020h-06Fh -ABANK1=0A0h-0EFh \
  -ABANK2=0110h-016Fh -ABANK3=0190h-01EFh \
  -ARAM=020h-06Fh,0A0h-0EFh,0110h-016Fh,0190h-01EFh \
  -AABS1=020h-07Fh,0A0h-0EFh,0110h-016Fh,0190h-01EFh -ASFR0=00h-01Fh \
  -ASFR1=080h-09Fh -ASFR2=0100h-010Fh -ASFR3=0180h-018Fh \
  -preset_vec=00h,intentry,init,end_init -ppowerup=CODE -pcinit=CODE \
  -pfunctab=CODE -ACONFIG=02007h-02007h -pconfig=CONFIG -DCONFIG=2 \
  -AIDLOC=02000h-02003h -pidloc=IDLOC -DIDLOC=2 -AEEDATA=00h-0FFh/02100h \
  -peeprom_data=EEDATA -DEEDATA=2 -DCODE=2 -DSTRCODE=2 -DSTRING=2 -DCONST=2 \
  -DENTRY=2 -k C:\Users\Owner\AppData\Local\Temp\s6f4.obj \
  dist/default/production\No3_COM.X.production.obj 

Object code version is 3.11

Machine type is 16F877A



                Name                               Link     Load   Length Selector   Space Scale
C:\Users\Owner\AppData\Local\Temp\s6f4.obj
                end_init                              0        0        3        0       0
                config                             2007     2007        1     400E       0
dist/default/production\No3_COM.X.production.obj
                cinit                               7F2      7F2        E      FE4       0
                text39                               4C       4C       8C       98       0
                text38                              995      995        B     132A       0
                text37                              9E1      9E1       1A     13C2       0
                text36                              AEB      AEB       30     15D6       0
                text35                              E9D      E9D       6C     1D3A       0
                text34                              2F6      2F6      109      5EC       0
                text33                              16B      16B       B8      2D6       0
                text32                              98B      98B        A     1316       0
                text31                              223      223       D3      446       0
                text30                              9CD      9CD       14     139A       0
                text29                              B4E      B4E       37     169C       0
                text28                              D37      D37       50     1A6E       0
                text27                              537      537      2BB      A6E       0
                text26                              F09      F09       6C     1E12       0
                text25                              9BC      9BC       11     1378       0
                text24                              D87      D87       59     1B0E       0
                text23                              CEC      CEC       4B     19D8       0
                text22                              C31      C31       3C     1862       0
                text21                              E3D      E3D       60     1C7A       0
                text20                              B85      B85       38     170A       0
                text19                                9        9       43       12       0
                text18                              9AD      9AD        F     135A       0
                text17                              97B      97B        8     12F6       0
                text16                              A34      A34       21     1468       0
                text15                              C6D      C6D       3D     18DA       0
                text14                              BBD      BBD       3A     177A       0
                text13                              CAA      CAA       42     1954       0
                text12                              F75      F75       8B     1EEA       0
                text11                              9FB      9FB       1A     13F6       0
                text10                               D8       D8       93      1B0       0
                text9                               A55      A55       21     14AA       0
                text8                               AC2      AC2       29     1584       0
                text7                               BF7      BF7       3A     17EE       0
                text6                               A76      A76       26     14EC       0
                text5                               B1B      B1B       33     1636       0
                text4                               A9C      A9C       26     1538       0
                text3                               DE0      DE0       5D     1BC0       0
                text2                               A15      A15       1F     142A       0
                text1                               9A0      9A0        D     1340       0
                maintext                            3FF      3FF      138      7FE       0
                cstackBANK0                          20       20       4B       20       1
                cstackCOMMON                         70       70        E       70       1
                cstackBANK1                          A0       A0       49       A0       1
                clrtext                             983      983        8     1306       0
                bssBANK3                            190      190       42      190       1
                bssBANK1                             E9       E9        1       A0       1
                strings                             800      800       3F     1000       0

TOTAL           Name                               Link     Load   Length     Space
        CLASS   STACK          

        CLASS   CODE           
                end_init                              0        0        3         0
                cinit                               7F2      7F2        E         0
                text39                               4C       4C       8C         0
                text38                              995      995        B         0
                text37                              9E1      9E1       1A         0
                text36                              AEB      AEB       30         0
                text35                              E9D      E9D       6C         0
                text34                              2F6      2F6      109         0
                text33                              16B      16B       B8         0
                text32                              98B      98B        A         0
                text31                              223      223       D3         0
                text30                              9CD      9CD       14         0
                text29                              B4E      B4E       37         0
                text28                              D37      D37       50         0
                text27                              537      537      2BB         0
                text26                              F09      F09       6C         0
                text25                              9BC      9BC       11         0
                text24                              D87      D87       59         0
                text23                              CEC      CEC       4B         0
                text22                              C31      C31       3C         0
                text21                              E3D      E3D       60         0
                text20                              B85      B85       38         0
                text19                                9        9       43         0
                text18                              9AD      9AD        F         0
                text17                              97B      97B        8         0
                text16                              A34      A34       21         0
                text15                              C6D      C6D       3D         0
                text14                              BBD      BBD       3A         0
                text13                              CAA      CAA       42         0
                text12                              F75      F75       8B         0
                text11                              9FB      9FB       1A         0
                text10                               D8       D8       93         0
                text9                               A55      A55       21         0
                text8                               AC2      AC2       29         0
                text7                               BF7      BF7       3A         0
                text6                               A76      A76       26         0
                text5                               B1B      B1B       33         0
                text4                               A9C      A9C       26         0
                text3                               DE0      DE0       5D         0
                text2                               A15      A15       1F         0
                text1                               9A0      9A0        D         0
                maintext                            3FF      3FF      138         0
                clrtext                             983      983        8         0

        CLASS   STRCODE        

        CLASS   STRING         
                strings                             800      800       3F         0

        CLASS   CONST          

        CLASS   ENTRY          

        CLASS   COMMON         
                cstackCOMMON                         70       70        E         1

        CLASS   BANK0          
                cstackBANK0                          20       20       4B         1

        CLASS   BANK1          
                cstackBANK1                          A0       A0       49         1
                bssBANK1                             E9       E9        1         1

        CLASS   BANK2          

        CLASS   BANK3          
                bssBANK3                            190      190       42         1

        CLASS   RAM            

        CLASS   ABS1           
                abs_s1                               7E       7E        2         1

        CLASS   SFR0           

        CLASS   SFR1           

        CLASS   SFR2           

        CLASS   SFR3           

        CLASS   CONFIG         
                config                             2007     2007        1         0

        CLASS   IDLOC          

        CLASS   EEDATA         



SEGMENTS        Name                           Load    Length   Top    Selector   Space  Class     Delta

                reset_vec                      000000  000003  000003         0       0  CODE        2
                text19                         000009  000043  00004C        12       0  CODE        2
                cstackBANK0                    000020  00004B  00006B        20       1  BANK0       1
                cstackCOMMON                   000070  00000E  00007E        70       1  COMMON      1
                text39                         00004C  00008C  0000D8        98       0  CODE        2
                cstackBANK1                    0000A0  00004A  0000EA        A0       1  BANK1       1
                bssBANK3                       000190  000042  0001D2       190       1  BANK3       1
                text10                         0000D8  000093  00016B       1B0       0  CODE        2
                text33                         00016B  0000B8  000223       2D6       0  CODE        2
                text31                         000223  0000D3  0002F6       446       0  CODE        2
                text34                         0002F6  000109  0003FF       5EC       0  CODE        2
                maintext                       0003FF  000138  000537       7FE       0  CODE        2
                text27                         000537  0002BB  0007F2       A6E       0  CODE        2
                cinit                          0007F2  00000E  000800       FE4       0  CODE        2
                strings                        000800  00003F  00083F      1000       0  STRING      2
                text17                         00097B  000008  000983      12F6       0  CODE        2
                clrtext                        000983  000008  00098B      1306       0  CODE        2
                text32                         00098B  00000A  000995      1316       0  CODE        2
                text38                         000995  00000B  0009A0      132A       0  CODE        2
                text1                          0009A0  00000D  0009AD      1340       0  CODE        2
                text18                         0009AD  00000F  0009BC      135A       0  CODE        2
                text25                         0009BC  000011  0009CD      1378       0  CODE        2
                text30                         0009CD  000014  0009E1      139A       0  CODE        2
                text37                         0009E1  00001A  0009FB      13C2       0  CODE        2
                text11                         0009FB  00001A  000A15      13F6       0  CODE        2
                text2                          000A15  00001F  000A34      142A       0  CODE        2
                text16                         000A34  000021  000A55      1468       0  CODE        2
                text9                          000A55  000021  000A76      14AA       0  CODE        2
                text6                          000A76  000026  000A9C      14EC       0  CODE        2
                text4                          000A9C  000026  000AC2      1538       0  CODE        2
                text8                          000AC2  000029  000AEB      1584       0  CODE        2
                text36                         000AEB  000030  000B1B      15D6       0  CODE        2
                text5                          000B1B  000033  000B4E      1636       0  CODE        2
                text29                         000B4E  000037  000B85      169C       0  CODE        2
                text20                         000B85  000038  000BBD      170A       0  CODE        2
                text14                         000BBD  00003A  000BF7      177A       0  CODE        2
                text7                          000BF7  00003A  000C31      17EE       0  CODE        2
                text22                         000C31  00003C  000C6D      1862       0  CODE        2
                text15                         000C6D  00003D  000CAA      18DA       0  CODE        2
                text13                         000CAA  000042  000CEC      1954       0  CODE        2
                text23                         000CEC  00004B  000D37      19D8       0  CODE        2
                text28                         000D37  000050  000D87      1A6E       0  CODE        2
                text24                         000D87  000059  000DE0      1B0E       0  CODE        2
                text3                          000DE0  00005D  000E3D      1BC0       0  CODE        2
                text21                         000E3D  000060  000E9D      1C7A       0  CODE        2
                text35                         000E9D  00006C  000F09      1D3A       0  CODE        2
                text26                         000F09  00006C  000F75      1E12       0  CODE        2
                text12                         000F75  00008B  001000      1EEA       0  CODE        2
                config                         002007  000001  002008      400E       0  CONFIG      2


UNUSED ADDRESS RANGES

        Name                Unused          Largest block    Delta
        BANK0            006B-006F              5           1
        BANK1            00EA-00EF              6           1
        BANK2            0110-016F             60           1
        BANK3            01D2-01EF             1E           1
        CODE             0003-0008              6           2
                         083F-097A            13C
                         1000-1FFF            800
        CONST            0003-0008              6           2
                         083F-097A             C1
                         1000-1FFF            100
        EEDATA           2100-21FF            100           2
        ENTRY            0003-0008              6           2
                         083F-097A             C1
                         1000-1FFF            100
        IDLOC            2000-2003              4           2
        RAM              006B-006F              5           1
                         00EA-00EF              6
                         0110-016F             60
                         01D2-01EF             1E
        SFR0             0000-001F             20           1
        SFR1             0080-009F             20           1
        SFR2             0100-010F             10           1
        SFR3             0180-018F             10           1
        STACK            0110-016F             60           1
        STRCODE          0003-0008              6           2
                         083F-097A            13C
                         1000-1FFF           1000
        STRING           0003-0008              6           2
                         083F-097A             C1
                         1000-1FFF            100

                                  Symbol Table

?___awdiv                              cstackCOMMON 0070
?___awmod                              cstackCOMMON 0070
?___ftadd                              cstackBANK0  003D
?___ftdiv                              cstackBANK0  004A
?___ftmul                              cstackBANK0  0020
?___ftneg                              cstackBANK0  003A
?___ftpack                             cstackCOMMON 0070
?___fttol                              cstackCOMMON 0070
?___lwtoft                             cstackCOMMON 0078
?___wmul                               cstackCOMMON 0070
?_get_adcon                            cstackBANK0  0030
?_get_pt                               cstackBANK0  005A
?_get_temp                             cstackBANK0  005D
_ADCON0                                (abs)        001F
_ADCON0bits                            (abs)        001F
_ADCON1                                (abs)        009F
_ADRESH                                (abs)        001E
_ADRESL                                (abs)        009E
_PORTA                                 (abs)        0005
_PORTAbits                             (abs)        0005
_PORTB                                 (abs)        0006
_PORTC                                 (abs)        0007
_PORTCbits                             (abs)        0007
_PORTD                                 (abs)        0008
_PORTE                                 (abs)        0009
_RB7                                   (abs)        0037
_RCIF                                  (abs)        0065
_RCREG                                 (abs)        001A
_RCSTA                                 (abs)        0018
_SPBRG                                 (abs)        0099
_SSPBUF                                (abs)        0013
_SSPCONbits                            (abs)        0014
_SSPSTATbits                           (abs)        0094
_TRISA                                 (abs)        0085
_TRISAbits                             (abs)        0085
_TRISB                                 (abs)        0086
_TRISB7                                (abs)        0437
_TRISC                                 (abs)        0087
_TRISC6                                (abs)        043E
_TRISC7                                (abs)        043F
_TRISCbits                             (abs)        0087
_TRISD                                 (abs)        0088
_TRISE                                 (abs)        0089
_TXIF                                  (abs)        0064
_TXREG                                 (abs)        0019
_TXSTA                                 (abs)        0098
__CFG_BOREN$ON                         (abs)        0000
__CFG_CP$OFF                           (abs)        0000
__CFG_CPD$OFF                          (abs)        0000
__CFG_FOSC$HS                          (abs)        0000
__CFG_LVP$OFF                          (abs)        0000
__CFG_PWRTE$ON                         (abs)        0000
__CFG_WDTE$OFF                         (abs)        0000
__CFG_WRT$OFF                          (abs)        0000
__Habs1                                abs1         0000
__Hbank0                               bank0        0000
__Hbank1                               bank1        0000
__Hbank2                               bank2        0000
__Hbank3                               bank3        0000
__HbssBANK1                            bssBANK1     0000
__HbssBANK3                            bssBANK3     0000
__Hcinit                               cinit        0800
__Hclrtext                             clrtext      0000
__Hcode                                code         0000
__Hcommon                              common       0000
__Hconfig                              config       2008
__HcstackBANK0                         cstackBANK0  0000
__HcstackBANK1                         cstackBANK1  0000
__HcstackCOMMON                        cstackCOMMON 0000
__Heeprom_data                         eeprom_data  0000
__Hend_init                            end_init     0003
__Hfunctab                             functab      0000
__Hidloc                               idloc        0000
__Hinit                                init         0000
__Hintentry                            intentry     0000
__Hmaintext                            maintext     0000
__Hpowerup                             powerup      0000
__Hram                                 ram          0000
__Hreset_vec                           reset_vec    0000
__Hsfr0                                sfr0         0000
__Hsfr1                                sfr1         0000
__Hsfr2                                sfr2         0000
__Hsfr3                                sfr3         0000
__Hspace_0                             (abs)        2008
__Hspace_1                             (abs)        01D2
__Hspace_2                             (abs)        0000
__Hspace_3                             (abs)        0000
__Hstack                               stack        0000
__Hstrings                             strings      0000
__Htext                                text         0000
__Labs1                                abs1         0000
__Lbank0                               bank0        0000
__Lbank1                               bank1        0000
__Lbank2                               bank2        0000
__Lbank3                               bank3        0000
__LbssBANK1                            bssBANK1     0000
__LbssBANK3                            bssBANK3     0000
__Lcinit                               cinit        07F2
__Lclrtext                             clrtext      0000
__Lcode                                code         0000
__Lcommon                              common       0000
__Lconfig                              config       2007
__LcstackBANK0                         cstackBANK0  0000
__LcstackBANK1                         cstackBANK1  0000
__LcstackCOMMON                        cstackCOMMON 0000
__Leeprom_data                         eeprom_data  0000
__Lend_init                            end_init     0000
__Lfunctab                             functab      0000
__Lidloc                               idloc        0000
__Linit                                init         0000
__Lintentry                            intentry     0000
__Lmaintext                            maintext     0000
__Lpowerup                             powerup      0000
__Lram                                 ram          0000
__Lreset_vec                           reset_vec    0000
__Lsfr0                                sfr0         0000
__Lsfr1                                sfr1         0000
__Lsfr2                                sfr2         0000
__Lsfr3                                sfr3         0000
__Lspace_0                             (abs)        0000
__Lspace_1                             (abs)        0000
__Lspace_2                             (abs)        0000
__Lspace_3                             (abs)        0000
__Lstack                               stack        0000
__Lstrings                             strings      0000
__Ltext                                text         0000
__S0                                   (abs)        2008
__S1                                   (abs)        01D2
__S2                                   (abs)        0000
__S3                                   (abs)        0000
___awdiv                               text24       0D87
___awdiv@counter                       cstackCOMMON 0075
___awdiv@dividend                      cstackCOMMON 0072
___awdiv@divisor                       cstackCOMMON 0070
___awdiv@quotient                      cstackCOMMON 0077
___awdiv@sign                          cstackCOMMON 0076
___awmod                               text23       0CEC
___awmod@counter                       cstackCOMMON 0075
___awmod@dividend                      cstackCOMMON 0072
___awmod@divisor                       cstackCOMMON 0070
___awmod@sign                          cstackCOMMON 0076
___bmul                                text25       09BC
___bmul@multiplicand                   cstackCOMMON 0070
___bmul@multiplier                     cstackCOMMON 0073
___bmul@product                        cstackCOMMON 0072
___ftadd                               text34       02F6
___ftadd@exp1                          cstackBANK0  0049
___ftadd@exp2                          cstackBANK0  0048
___ftadd@f1                            cstackBANK0  003D
___ftadd@f2                            cstackBANK0  0040
___ftadd@sign                          cstackBANK0  0047
___ftdiv                               text33       016B
___ftdiv@cntr                          cstackBANK0  0054
___ftdiv@exp                           cstackBANK0  0058
___ftdiv@f1                            cstackBANK0  004D
___ftdiv@f2                            cstackBANK0  004A
___ftdiv@f3                            cstackBANK0  0055
___ftdiv@sign                          cstackBANK0  0059
___ftmul                               text31       0223
___ftmul@cntr                          cstackBANK0  002E
___ftmul@exp                           cstackBANK0  002A
___ftmul@f1                            cstackBANK0  0020
___ftmul@f2                            cstackBANK0  0023
___ftmul@f3_as_product                 cstackBANK0  002B
___ftmul@sign                          cstackBANK0  002F
___ftneg                               text32       098B
___ftneg@f1                            cstackBANK0  003A
___ftpack                              text35       0E9D
___ftpack@arg                          cstackCOMMON 0070
___ftpack@exp                          cstackCOMMON 0073
___ftpack@sign                         cstackCOMMON 0074
___fttol                               text39       004C
___fttol@exp1                          cstackCOMMON 007D
___fttol@f1                            cstackCOMMON 0070
___fttol@lval                          cstackCOMMON 0079
___fttol@sign1                         cstackCOMMON 0078
___int_sp                              stack        0000
___latbits                             (abs)        0002
___lwtoft                              text30       09CD
___lwtoft@c                            cstackCOMMON 0078
___sp                                  stack        0000
___wmul                                text9        0A55
___wmul@multiplicand                   cstackCOMMON 0072
___wmul@multiplier                     cstackCOMMON 0070
___wmul@product                        cstackCOMMON 0074
__end_of___awdiv                       text24       0DE0
__end_of___awmod                       text23       0D37
__end_of___bmul                        text25       09CD
__end_of___ftadd                       text34       03FF
__end_of___ftdiv                       text33       0223
__end_of___ftmul                       text31       02F6
__end_of___ftneg                       text32       0995
__end_of___ftpack                      text35       0F09
__end_of___fttol                       text39       00D8
__end_of___lwtoft                      text30       09E1
__end_of___wmul                        text9        0A76
__end_of__initialization               cinit        07FC
__end_of__stringtab                    strings      0806
__end_of_ad_con_init                   text38       09A0
__end_of_bit_shift                     text29       0B85
__end_of_double_data_set               text7        0C31
__end_of_double_to_byte_array          text8        0AEB
__end_of_extract_receive_packet        text36       0B1B
__end_of_flag_check                    text13       0CEC
__end_of_get_adcon                     text28       0D87
__end_of_get_pt                        text27       07F2
__end_of_get_temp                      text26       0F75
__end_of_main                          maintext     0537
__end_of_number_to_string_char         text19       004C
__end_of_pic_port_init                 text18       09BC
__end_of_put_char                      text17       0983
__end_of_put_string                    text16       0A55
__end_of_receive_data_master           text12       1000
__end_of_rx_packet_clear               text37       09FB
__end_of_send_data_master              text10       016B
__end_of_sent_data_set                 text3        0E3D
__end_of_spi_master_receive            text15       0CAA
__end_of_spi_master_send               text14       0BF7
__end_of_spi_master_start              text2        0A34
__end_of_tx_packet_clear               text11       0A15
__end_of_uart_init                     text1        09AD
__end_of_uint16_data_set               text5        0B4E
__end_of_uint16_to_byte_array          text6        0A9C
__end_of_uint8_data_set                text4        0AC2
__end_ofbit_shift@bit_mask_for_l       strings      0827
__end_ofconvert@process_1              text22       0C6D
__end_ofconvert@process_10             text21       0E9D
__end_ofconvert@process_100            text20       0BBD
__end_ofmain@send_1                    strings      0815
__end_ofmain@send_2                    strings      0824
__end_ofuint16_to_byte_array@bit_mask  strings      0826
__initialization                       cinit        07F2
__pbssBANK1                            bssBANK1     00E9
__pbssBANK3                            bssBANK3     0190
__pcstackBANK0                         cstackBANK0  0020
__pcstackBANK1                         cstackBANK1  00A0
__pcstackCOMMON                        cstackCOMMON 0070
__pmaintext                            maintext     03FF
__pstrings                             strings      0800
__ptext1                               text1        09A0
__ptext10                              text10       00D8
__ptext11                              text11       09FB
__ptext12                              text12       0F75
__ptext13                              text13       0CAA
__ptext14                              text14       0BBD
__ptext15                              text15       0C6D
__ptext16                              text16       0A34
__ptext17                              text17       097B
__ptext18                              text18       09AD
__ptext19                              text19       0009
__ptext2                               text2        0A15
__ptext20                              text20       0B85
__ptext21                              text21       0E3D
__ptext22                              text22       0C31
__ptext23                              text23       0CEC
__ptext24                              text24       0D87
__ptext25                              text25       09BC
__ptext26                              text26       0F09
__ptext27                              text27       0537
__ptext28                              text28       0D37
__ptext29                              text29       0B4E
__ptext3                               text3        0DE0
__ptext30                              text30       09CD
__ptext31                              text31       0223
__ptext32                              text32       098B
__ptext33                              text33       016B
__ptext34                              text34       02F6
__ptext35                              text35       0E9D
__ptext36                              text36       0AEB
__ptext37                              text37       09E1
__ptext38                              text38       0995
__ptext39                              text39       004C
__ptext4                               text4        0A9C
__ptext5                               text5        0B1B
__ptext6                               text6        0A76
__ptext7                               text7        0BF7
__ptext8                               text8        0AC2
__ptext9                               text9        0A55
__size_of___awdiv                      (abs)        0000
__size_of___awmod                      (abs)        0000
__size_of___bmul                       (abs)        0000
__size_of___ftadd                      (abs)        0000
__size_of___ftdiv                      (abs)        0000
__size_of___ftmul                      (abs)        0000
__size_of___ftneg                      (abs)        0000
__size_of___ftpack                     (abs)        0000
__size_of___fttol                      (abs)        0000
__size_of___lwtoft                     (abs)        0000
__size_of___wmul                       (abs)        0000
__size_of_ad_con_init                  (abs)        0000
__size_of_bit_shift                    (abs)        0000
__size_of_double_data_set              (abs)        0000
__size_of_double_to_byte_array         (abs)        0000
__size_of_extract_receive_packet       (abs)        0000
__size_of_flag_check                   (abs)        0000
__size_of_get_adcon                    (abs)        0000
__size_of_get_pt                       (abs)        0000
__size_of_get_temp                     (abs)        0000
__size_of_main                         (abs)        0000
__size_of_number_to_string_char        (abs)        0000
__size_of_pic_port_init                (abs)        0000
__size_of_put_char                     (abs)        0000
__size_of_put_string                   (abs)        0000
__size_of_receive_data_master          (abs)        0000
__size_of_rx_packet_clear              (abs)        0000
__size_of_send_data_master             (abs)        0000
__size_of_sent_data_set                (abs)        0000
__size_of_spi_master_receive           (abs)        0000
__size_of_spi_master_send              (abs)        0000
__size_of_spi_master_start             (abs)        0000
__size_of_tx_packet_clear              (abs)        0000
__size_of_uart_init                    (abs)        0000
__size_of_uint16_data_set              (abs)        0000
__size_of_uint16_to_byte_array         (abs)        0000
__size_of_uint8_data_set               (abs)        0000
__size_ofconvert@process_1             (abs)        0000
__size_ofconvert@process_10            (abs)        0000
__size_ofconvert@process_100           (abs)        0000
__stringbase                           strings      0805
__stringtab                            strings      0800
_ad_con_init                           text38       0995
_bit_shift                             text29       0B4E
_double_data_set                       text7        0BF7
_double_to_byte_array                  text8        0AC2
_extract_receive_packet                text36       0AEB
_flag_check                            text13       0CAA
_get_adcon                             text28       0D37
_get_pt                                text27       0537
_get_pt$1099                           cstackBANK1  00A9
_get_pt$1100                           cstackBANK1  00B5
_get_pt$1101                           cstackBANK1  00AC
_get_pt$1102                           cstackBANK1  00AF
_get_temp                              text26       0F09
_get_temp$1103                         cstackBANK0  0060
_main                                  maintext     03FF
_number_to_string_char                 text19       0009
_pic_port_init                         text18       09AD
_put_char                              text17       097B
_put_string                            text16       0A34
_receive_data_master                   text12       0F75
_rx_packet                             bssBANK3     01B1
_rx_packet_clear                       text37       09E1
_rx_packet_status                      bssBANK1     00E9
_send_data_master                      text10       00D8
_sent_data_set                         text3        0DE0
_spi_master_receive                    text15       0C6D
_spi_master_send                       text14       0BBD
_spi_master_start                      text2        0A15
_tx_packet                             bssBANK3     0190
_tx_packet_clear                       text11       09FB
_uart_init                             text1        09A0
_uint16_data_set                       text5        0B1B
_uint16_to_byte_array                  text6        0A76
_uint8_data_set                        text4        0A9C
bit_shift@bit_mask_for_l               strings      0826
bit_shift@p_ad_value                   cstackCOMMON 0075
bit_shift@p_adres                      cstackCOMMON 0070
btemp                                  (abs)        007E
clear_ram0                             clrtext      0983
convert@process_1                      text22       0C31
convert@process_10                     text21       0E3D
convert@process_100                    text20       0B85
convert@process_100@num                cstackBANK0  002A
convert@process_100@p_buf              cstackBANK0  0026
convert@process_100@p_flag             cstackBANK0  0025
convert@process_100@remainder_100      cstackBANK0  002B
convert@process_10@divide_10           cstackBANK0  0020
convert@process_10@i                   cstackBANK0  0023
convert@process_10@num                 cstackBANK0  0024
convert@process_10@p_buf               cstackCOMMON 007A
convert@process_10@p_flag              cstackCOMMON 0079
convert@process_10@remainder_10        cstackBANK0  0021
convert@process_10@val                 cstackBANK0  0022
convert@process_1@divide_1             cstackCOMMON 0077
convert@process_1@i                    cstackCOMMON 0075
convert@process_1@num                  cstackCOMMON 0074
convert@process_1@p_buf                cstackCOMMON 0071
convert@process_1@p_flag               cstackCOMMON 0070
convert@process_1@val                  cstackCOMMON 0078
double_data_set@buf                    cstackBANK0  0020
double_data_set@data_len               cstackCOMMON 0079
double_data_set@i                      cstackBANK0  0026
double_data_set@p_data                 cstackBANK0  0025
double_to_byte_array@converter         cstackCOMMON 0073
double_to_byte_array@i                 cstackCOMMON 0078
double_to_byte_array@p_data            cstackCOMMON 0077
double_to_byte_array@p_data_array      cstackCOMMON 0070
end_of_initialization                  cinit        07FC
extract_receive_packet@i               cstackCOMMON 0076
extract_receive_packet@p_data_buf      cstackCOMMON 0072
extract_receive_packet@p_data_len_buf  cstackCOMMON 0073
extract_receive_packet@p_data_type_buf cstackCOMMON 0075
flag_check@destination                 cstackCOMMON 0079
flag_check@flag                        cstackCOMMON 0078
get_adcon@ad_value                     cstackBANK0  0038
get_adcon@my_adres                     cstackBANK0  0036
get_adcon@voltage_value                cstackBANK0  0033
get_pt@a                               cstackBANK1  00BB
get_pt@b                               cstackBANK1  00A6
get_pt@r1                              cstackBANK1  00B2
get_pt@r2                              cstackBANK1  00A0
get_pt@t1                              cstackBANK1  00B8
get_pt@t2                              cstackBANK1  00A3
get_temp@i                             cstackBANK0  0063
get_temp@t_average                     cstackBANK0  0065
intlevel0                              functab      0000
intlevel1                              functab      0000
intlevel2                              functab      0000
intlevel3                              functab      0000
intlevel4                              functab      0000
intlevel5                              functab      0000
ltemp                                  (abs)        007E
ltemp0                                 (abs)        007E
ltemp1                                 (abs)        0082
ltemp2                                 (abs)        0086
ltemp3                                 (abs)        0080
main@cmd                               cstackBANK1  00E6
main@i                                 cstackBANK1  00E8
main@r_data                            cstackBANK1  00BE
main@r_data_len                        cstackBANK1  00E7
main@r_data_type                       cstackBANK1  00E5
main@temp                              cstackBANK1  00DC
main@temp_buf_c                        cstackBANK1  00DF
main@temp_c                            cstackBANK1  00E4
number_to_string_char@buf              cstackBANK0  0030
number_to_string_char@flag             cstackBANK0  002F
number_to_string_char@num              cstackBANK0  002C
put_char@byte_data                     cstackCOMMON 0070
put_string@str                         cstackCOMMON 0072
receive_data_master@destination        cstackCOMMON 007D
receive_data_master@i                  cstackCOMMON 007C
reset_vec                              reset_vec    0000
rx_packet_clear@i                      cstackCOMMON 0071
send_data_master@data_end_command      cstackCOMMON 0075
send_data_master@data_type             cstackCOMMON 0074
send_data_master@destination           cstackCOMMON 0079
send_data_master@i                     cstackCOMMON 0078
sent_data_set@byte_of_type             cstackCOMMON 007D
sent_data_set@data_len                 cstackCOMMON 007C
sent_data_set@p_data                   cstackBANK0  002C
spi_master_receive@buf                 cstackCOMMON 0073
spi_master_receive@destination         cstackCOMMON 0074
spi_master_receive@p_get               cstackCOMMON 0070
spi_master_send@buf                    cstackCOMMON 0072
spi_master_send@data                   cstackCOMMON 0070
spi_master_send@destination            cstackCOMMON 0073
stackhi                                (abs)        0000
stacklo                                (abs)        0000
start                                  init         0000
start_initialization                   cinit        07F2
ttemp                                  (abs)        007E
ttemp0                                 (abs)        007E
ttemp1                                 (abs)        0081
ttemp2                                 (abs)        0084
ttemp3                                 (abs)        0087
ttemp4                                 (abs)        007F
tx_packet_clear@i                      cstackCOMMON 0071
uint16_data_set@buf                    cstackCOMMON 0077
uint16_data_set@data_len               cstackCOMMON 0075
uint16_data_set@i                      cstackCOMMON 007B
uint16_data_set@p_data                 cstackCOMMON 007A
uint16_to_byte_array@bit_mask          strings      0824
uint16_to_byte_array@p_data            cstackCOMMON 0074
uint16_to_byte_array@p_data_array      cstackCOMMON 0070
uint8_data_set@data_len                cstackCOMMON 0070
uint8_data_set@p_data                  cstackCOMMON 0072
wtemp                                  (abs)        007E
wtemp0                                 (abs)        007E
wtemp1                                 (abs)        0080
wtemp2                                 (abs)        0082
wtemp3                                 (abs)        0084
wtemp4                                 (abs)        0086
wtemp5                                 (abs)        0088
wtemp6                                 (abs)        007F


FUNCTION INFORMATION:

 *************** function _main *****************
 Defined at:
		line 37 in file "main.c"
 Parameters:    Size  Location     Type
		None
 Auto vars:     Size  Location     Type
  cmd             1   70[BANK1 ] unsigned char 
  r_data         30   30[BANK1 ] unsigned char [30]
  temp_buf_c      5   63[BANK1 ] unsigned char [5]
  temp            3   60[BANK1 ] unsigned char [5]
  temp_d          3    0        unsigned char [5]
  temp_buf        2    0        unsigned int 
  i               1   72[BANK1 ] unsigned char 
  r_data_len      1   71[BANK1 ] unsigned char 
  r_data_type     1   69[BANK1 ] unsigned char 
  temp_c          1   68[BANK1 ] unsigned char 
 Return value:  Size  Location     Type
                  2   54[None  ] int 
 Registers used:
		wreg, fsr0l, fsr0h, status,2, status,0, btemp+1, pclath, cstack
 Tracked objects:
		On entry : 
		On exit  : 
		Unchanged: 
 Data sizes:     COMMON   BANK0   BANK1   BANK3   BANK2
      Params:         0       0       0       0       0
      Locals:         0       0      43       0       0
      Temps:          0       3       0       0       0
      Totals:         0       3      43       0       0
Total ram usage:       46 bytes
 Hardware stack levels required when called:    5
 This function calls:
		___fttol
		_ad_con_init
		_extract_receive_packet
		_get_temp
		_number_to_string_char
		_pic_port_init
		_put_char
		_put_string
		_receive_data_master
		_send_data_master
		_sent_data_set
		_spi_master_start
		_uart_init
 This function is called by:
		Startup code after reset
 This function uses a non-reentrant model


 *************** function _uart_init *****************
 Defined at:
		line 37 in file "uart.c"
 Parameters:    Size  Location     Type
		None
 Auto vars:     Size  Location     Type
		None
 Return value:  Size  Location     Type
		None               void
 Registers used:
		wreg
 Tracked objects:
		On entry : 
		On exit  : 
		Unchanged: 
 Data sizes:     COMMON   BANK0   BANK1   BANK3   BANK2
      Params:         0       0       0       0       0
      Locals:         0       0       0       0       0
      Temps:          0       0       0       0       0
      Totals:         0       0       0       0       0
Total ram usage:        0 bytes
 Hardware stack levels used:    1
 This function calls:
		Nothing
 This function is called by:
		_main
 This function uses a non-reentrant model


 *************** function _spi_master_start *****************
 Defined at:
		line 37 in file "spi_master.c"
 Parameters:    Size  Location     Type
		None
 Auto vars:     Size  Location     Type
		None
 Return value:  Size  Location     Type
		None               void
 Registers used:
		None
 Tracked objects:
		On entry : 
		On exit  : 
		Unchanged: 
 Data sizes:     COMMON   BANK0   BANK1   BANK3   BANK2
      Params:         0       0       0       0       0
      Locals:         0       0       0       0       0
      Temps:          0       0       0       0       0
      Totals:         0       0       0       0       0
Total ram usage:        0 bytes
 Hardware stack levels used:    1
 This function calls:
		Nothing
 This function is called by:
		_main
 This function uses a non-reentrant model


 *************** function _sent_data_set *****************
 Defined at:
		line 98 in file "protocol.c"
 Parameters:    Size  Location     Type
  p_data          1    wreg     PTR void 
		 -> main@cmd(1), 
  data_len        1   12[COMMON] unsigned char 
  byte_of_type    1   13[COMMON] unsigned char 
 Auto vars:     Size  Location     Type
  p_data          1   12[BANK0 ] PTR void 
		 -> main@cmd(1), 
 Return value:  Size  Location     Type
                  1    wreg      unsigned char 
 Registers used:
		wreg, fsr0l, fsr0h, status,2, status,0, pclath, cstack
 Tracked objects:
		On entry : 
		On exit  : 
		Unchanged: 
 Data sizes:     COMMON   BANK0   BANK1   BANK3   BANK2
      Params:         2       0       0       0       0
      Locals:         0       1       0       0       0
      Temps:          0       5       0       0       0
      Totals:         2       6       0       0       0
Total ram usage:        8 bytes
 Hardware stack levels used:    1
 Hardware stack levels required when called:    3
 This function calls:
		___wmul
		_double_data_set
		_uint16_data_set
		_uint8_data_set
 This function is called by:
		_main
 This function uses a non-reentrant model


 *************** function _uint8_data_set *****************
 Defined at:
		line 377 in file "protocol.c"
 Parameters:    Size  Location     Type
  p_data          1    wreg     PTR unsigned char 
		 -> main@cmd(1), 
  data_len        1    0[COMMON] unsigned char 
 Auto vars:     Size  Location     Type
  p_data          1    2[COMMON] PTR unsigned char 
		 -> main@cmd(1), 
 Return value:  Size  Location     Type
		None               void
 Registers used:
		wreg, fsr0l, fsr0h, status,2, status,0
 Tracked objects:
		On entry : 
		On exit  : 
		Unchanged: 
 Data sizes:     COMMON   BANK0   BANK1   BANK3   BANK2
      Params:         1       0       0       0       0
      Locals:         1       0       0       0       0
      Temps:          1       0       0       0       0
      Totals:         3       0       0       0       0
Total ram usage:        3 bytes
 Hardware stack levels used:    1
 This function calls:
		Nothing
 This function is called by:
		_sent_data_set
 This function uses a non-reentrant model


 *************** function _uint16_data_set *****************
 Defined at:
		line 399 in file "protocol.c"
 Parameters:    Size  Location     Type
  p_data          1    wreg     PTR unsigned int 
		 -> main@cmd(1), 
  data_len        1    5[COMMON] unsigned char 
 Auto vars:     Size  Location     Type
  p_data          1   10[COMMON] PTR unsigned int 
		 -> main@cmd(1), 
  buf             3    7[COMMON] unsigned char [3]
  i               1   11[COMMON] unsigned char 
 Return value:  Size  Location     Type
		None               void
 Registers used:
		wreg, fsr0l, fsr0h, status,2, status,0, pclath, cstack
 Tracked objects:
		On entry : 
		On exit  : 
		Unchanged: 
 Data sizes:     COMMON   BANK0   BANK1   BANK3   BANK2
      Params:         1       0       0       0       0
      Locals:         5       0       0       0       0
      Temps:          1       0       0       0       0
      Totals:         7       0       0       0       0
Total ram usage:        7 bytes
 Hardware stack levels used:    1
 Hardware stack levels required when called:    2
 This function calls:
		_uint16_to_byte_array
 This function is called by:
		_sent_data_set
 This function uses a non-reentrant model


 *************** function _uint16_to_byte_array *****************
 Defined at:
		line 457 in file "protocol.c"
 Parameters:    Size  Location     Type
  p_data          1    wreg     PTR unsigned int 
		 -> main@cmd(1), 
  p_data_array    1    0[COMMON] PTR unsigned char 
		 -> uint16_data_set@buf(3), 
 Auto vars:     Size  Location     Type
  p_data          1    4[COMMON] PTR unsigned int 
		 -> main@cmd(1), 
 Return value:  Size  Location     Type
		None               void
 Registers used:
		wreg, fsr0l, fsr0h, status,2, status,0, pclath
 Tracked objects:
		On entry : 
		On exit  : 
		Unchanged: 
 Data sizes:     COMMON   BANK0   BANK1   BANK3   BANK2
      Params:         1       0       0       0       0
      Locals:         1       0       0       0       0
      Temps:          3       0       0       0       0
      Totals:         5       0       0       0       0
Total ram usage:        5 bytes
 Hardware stack levels used:    2
 This function calls:
		Nothing
 This function is called by:
		_uint16_data_set
 This function uses a non-reentrant model


 *************** function _double_data_set *****************
 Defined at:
		line 428 in file "protocol.c"
 Parameters:    Size  Location     Type
  p_data          1    wreg     PTR 
		 -> main@cmd(1), 
  data_len        1    9[COMMON] unsigned char 
 Auto vars:     Size  Location     Type
  p_data          1    5[BANK0 ] PTR 
		 -> main@cmd(1), 
  buf             5    0[BANK0 ] unsigned char [5]
  i               1    6[BANK0 ] unsigned char 
 Return value:  Size  Location     Type
		None               void
 Registers used:
		wreg, fsr0l, fsr0h, status,2, status,0, pclath, cstack
 Tracked objects:
		On entry : 
		On exit  : 
		Unchanged: 
 Data sizes:     COMMON   BANK0   BANK1   BANK3   BANK2
      Params:         1       0       0       0       0
      Locals:         0       7       0       0       0
      Temps:          1       0       0       0       0
      Totals:         2       7       0       0       0
Total ram usage:        9 bytes
 Hardware stack levels used:    1
 Hardware stack levels required when called:    1
 This function calls:
		_double_to_byte_array
 This function is called by:
		_sent_data_set
 This function uses a non-reentrant model


 *************** function _double_to_byte_array *****************
 Defined at:
		line 479 in file "protocol.c"
 Parameters:    Size  Location     Type
  p_data          1    wreg     PTR 
		 -> main@cmd(1), 
  p_data_array    1    0[COMMON] PTR unsigned char 
		 -> double_data_set@buf(5), 
 Auto vars:     Size  Location     Type
  p_data          1    7[COMMON] PTR 
		 -> main@cmd(1), 
  converter       4    3[COMMON] struct .
  i               1    8[COMMON] unsigned char 
 Return value:  Size  Location     Type
		None               void
 Registers used:
		wreg, fsr0l, fsr0h, status,2, status,0
 Tracked objects:
		On entry : 
		On exit  : 
		Unchanged: 
 Data sizes:     COMMON   BANK0   BANK1   BANK3   BANK2
      Params:         1       0       0       0       0
      Locals:         6       0       0       0       0
      Temps:          2       0       0       0       0
      Totals:         9       0       0       0       0
Total ram usage:        9 bytes
 Hardware stack levels used:    1
 This function calls:
		Nothing
 This function is called by:
		_double_data_set
 This function uses a non-reentrant model


 *************** function ___wmul *****************
 Defined at:
		line 15 in file "C:\Program Files (x86)\Microchip\xc8\v1.35\sources\common\Umul16.c"
 Parameters:    Size  Location     Type
  multiplier      2    0[COMMON] unsigned int 
  multiplicand    2    2[COMMON] unsigned int 
 Auto vars:     Size  Location     Type
  product         2    4[COMMON] unsigned int 
 Return value:  Size  Location     Type
                  2    0[COMMON] unsigned int 
 Registers used:
		wreg, status,2, status,0
 Tracked objects:
		On entry : 
		On exit  : 
		Unchanged: 
 Data sizes:     COMMON   BANK0   BANK1   BANK3   BANK2
      Params:         4       0       0       0       0
      Locals:         2       0       0       0       0
      Temps:          0       0       0       0       0
      Totals:         6       0       0       0       0
Total ram usage:        6 bytes
 Hardware stack levels used:    1
 This function calls:
		Nothing
 This function is called by:
		_sent_data_set
 This function uses a non-reentrant model


 *************** function _send_data_master *****************
 Defined at:
		line 139 in file "protocol.c"
 Parameters:    Size  Location     Type
  destination     1    wreg     enum E1101
  data_type       1    4[COMMON] enum E1107
  data_end_com    1    5[COMMON] enum E1112
 Auto vars:     Size  Location     Type
  destination     1    9[COMMON] enum E1101
  i               1    8[COMMON] unsigned char 
 Return value:  Size  Location     Type
		None               void
 Registers used:
		wreg, fsr0l, fsr0h, status,2, status,0, pclath, cstack
 Tracked objects:
		On entry : 
		On exit  : 
		Unchanged: 
 Data sizes:     COMMON   BANK0   BANK1   BANK3   BANK2
      Params:         2       0       0       0       0
      Locals:         2       0       0       0       0
      Temps:          2       0       0       0       0
      Totals:         6       0       0       0       0
Total ram usage:        6 bytes
 Hardware stack levels used:    1
 Hardware stack levels required when called:    1
 This function calls:
		_spi_master_send
		_tx_packet_clear
 This function is called by:
		_main
 This function uses a non-reentrant model


 *************** function _tx_packet_clear *****************
 Defined at:
		line 275 in file "protocol.c"
 Parameters:    Size  Location     Type
		None
 Auto vars:     Size  Location     Type
  i               1    1[COMMON] unsigned char 
 Return value:  Size  Location     Type
		None               void
 Registers used:
		wreg, fsr0l, fsr0h, status,2, status,0
 Tracked objects:
		On entry : 
		On exit  : 
		Unchanged: 
 Data sizes:     COMMON   BANK0   BANK1   BANK3   BANK2
      Params:         0       0       0       0       0
      Locals:         1       0       0       0       0
      Temps:          1       0       0       0       0
      Totals:         2       0       0       0       0
Total ram usage:        2 bytes
 Hardware stack levels used:    1
 This function calls:
		Nothing
 This function is called by:
		_send_data_master
 This function uses a non-reentrant model


 *************** function _receive_data_master *****************
 Defined at:
		line 189 in file "protocol.c"
 Parameters:    Size  Location     Type
  destination     1    wreg     enum E1101
 Auto vars:     Size  Location     Type
  destination     1   13[COMMON] enum E1101
  i               1   12[COMMON] unsigned char 
 Return value:  Size  Location     Type
		None               void
 Registers used:
		wreg, fsr0l, fsr0h, status,2, status,0, pclath, cstack
 Tracked objects:
		On entry : 
		On exit  : 
		Unchanged: 
 Data sizes:     COMMON   BANK0   BANK1   BANK3   BANK2
      Params:         0       0       0       0       0
      Locals:         2       0       0       0       0
      Temps:          2       0       0       0       0
      Totals:         4       0       0       0       0
Total ram usage:        4 bytes
 Hardware stack levels used:    1
 Hardware stack levels required when called:    2
 This function calls:
		_flag_check
		_spi_master_receive
		_spi_master_send
 This function is called by:
		_main
 This function uses a non-reentrant model


 *************** function _flag_check *****************
 Defined at:
		line 342 in file "protocol.c"
 Parameters:    Size  Location     Type
  destination     1    wreg     enum E1101
 Auto vars:     Size  Location     Type
  destination     1    9[COMMON] enum E1101
  flag            1    8[COMMON] enum E1097
 Return value:  Size  Location     Type
		None               void
 Registers used:
		wreg, fsr0l, fsr0h, status,2, status,0, pclath, cstack
 Tracked objects:
		On entry : 
		On exit  : 
		Unchanged: 
 Data sizes:     COMMON   BANK0   BANK1   BANK3   BANK2
      Params:         0       0       0       0       0
      Locals:         2       0       0       0       0
      Temps:          3       0       0       0       0
      Totals:         5       0       0       0       0
Total ram usage:        5 bytes
 Hardware stack levels used:    1
 Hardware stack levels required when called:    1
 This function calls:
		_spi_master_receive
		_spi_master_send
 This function is called by:
		_receive_data_master
 This function uses a non-reentrant model


 *************** function _spi_master_send *****************
 Defined at:
		line 85 in file "spi_master.c"
 Parameters:    Size  Location     Type
  destination     1    wreg     enum E1101
  data            1    0[COMMON] unsigned char 
 Auto vars:     Size  Location     Type
  destination     1    3[COMMON] enum E1101
  buf             1    2[COMMON] unsigned char 
 Return value:  Size  Location     Type
		None               void
 Registers used:
		wreg, fsr0l, fsr0h, status,2, status,0
 Tracked objects:
		On entry : 
		On exit  : 
		Unchanged: 
 Data sizes:     COMMON   BANK0   BANK1   BANK3   BANK2
      Params:         1       0       0       0       0
      Locals:         2       0       0       0       0
      Temps:          1       0       0       0       0
      Totals:         4       0       0       0       0
Total ram usage:        4 bytes
 Hardware stack levels used:    1
 This function calls:
		Nothing
 This function is called by:
		_send_data_master
		_receive_data_master
		_flag_check
 This function uses a non-reentrant model


 *************** function _spi_master_receive *****************
 Defined at:
		line 149 in file "spi_master.c"
 Parameters:    Size  Location     Type
  destination     1    wreg     enum E1101
  p_get           2    0[COMMON] PTR unsigned char 
		 -> flag_check@flag(1), rx_packet.payload(30), rx_packet(33), 
 Auto vars:     Size  Location     Type
  destination     1    4[COMMON] enum E1101
  buf             1    3[COMMON] unsigned char 
 Return value:  Size  Location     Type
		None               void
 Registers used:
		wreg, fsr0l, fsr0h, status,2, status,0
 Tracked objects:
		On entry : 
		On exit  : 
		Unchanged: 
 Data sizes:     COMMON   BANK0   BANK1   BANK3   BANK2
      Params:         2       0       0       0       0
      Locals:         2       0       0       0       0
      Temps:          1       0       0       0       0
      Totals:         5       0       0       0       0
Total ram usage:        5 bytes
 Hardware stack levels used:    1
 This function calls:
		Nothing
 This function is called by:
		_receive_data_master
		_flag_check
 This function uses a non-reentrant model


 *************** function _put_string *****************
 Defined at:
		line 76 in file "uart.c"
 Parameters:    Size  Location     Type
  str             1    wreg     PTR unsigned char 
		 -> STR_2(3), STR_1(24), 
 Auto vars:     Size  Location     Type
  str             1    2[COMMON] PTR unsigned char 
		 -> STR_2(3), STR_1(24), 
 Return value:  Size  Location     Type
		None               void
 Registers used:
		wreg, fsr0l, fsr0h, status,2, status,0, pclath, cstack
 Tracked objects:
		On entry : 
		On exit  : 
		Unchanged: 
 Data sizes:     COMMON   BANK0   BANK1   BANK3   BANK2
      Params:         0       0       0       0       0
      Locals:         1       0       0       0       0
      Temps:          1       0       0       0       0
      Totals:         2       0       0       0       0
Total ram usage:        2 bytes
 Hardware stack levels used:    1
 Hardware stack levels required when called:    1
 This function calls:
		_put_char
 This function is called by:
		_main
 This function uses a non-reentrant model


 *************** function _put_char *****************
 Defined at:
		line 60 in file "uart.c"
 Parameters:    Size  Location     Type
  byte_data       1    wreg     unsigned char 
 Auto vars:     Size  Location     Type
  byte_data       1    0[COMMON] unsigned char 
 Return value:  Size  Location     Type
		None               void
 Registers used:
		wreg
 Tracked objects:
		On entry : 
		On exit  : 
		Unchanged: 
 Data sizes:     COMMON   BANK0   BANK1   BANK3   BANK2
      Params:         0       0       0       0       0
      Locals:         1       0       0       0       0
      Temps:          0       0       0       0       0
      Totals:         1       0       0       0       0
Total ram usage:        1 bytes
 Hardware stack levels used:    1
 This function calls:
		Nothing
 This function is called by:
		_main
		_put_string
 This function uses a non-reentrant model


 *************** function _pic_port_init *****************
 Defined at:
		line 158 in file "main.c"
 Parameters:    Size  Location     Type
		None
 Auto vars:     Size  Location     Type
		None
 Return value:  Size  Location     Type
		None               void
 Registers used:
		status,2
 Tracked objects:
		On entry : 
		On exit  : 
		Unchanged: 
 Data sizes:     COMMON   BANK0   BANK1   BANK3   BANK2
      Params:         0       0       0       0       0
      Locals:         0       0       0       0       0
      Temps:          0       0       0       0       0
      Totals:         0       0       0       0       0
Total ram usage:        0 bytes
 Hardware stack levels used:    1
 This function calls:
		Nothing
 This function is called by:
		_main
 This function uses a non-reentrant model


 *************** function _number_to_string_char *****************
 Defined at:
		line 21 in file "convert.c"
 Parameters:    Size  Location     Type
  buf             1    wreg     PTR unsigned char 
		 -> main@temp_buf_c(5), 
  num             1   12[BANK0 ] unsigned char 
 Auto vars:     Size  Location     Type
  buf             1   16[BANK0 ] PTR unsigned char 
		 -> main@temp_buf_c(5), 
  flag            1   15[BANK0 ] unsigned char 
 Return value:  Size  Location     Type
		None               void
 Registers used:
		wreg, fsr0l, fsr0h, status,2, status,0, pclath, cstack
 Tracked objects:
		On entry : 
		On exit  : 
		Unchanged: 
 Data sizes:     COMMON   BANK0   BANK1   BANK3   BANK2
      Params:         0       1       0       0       0
      Locals:         0       2       0       0       0
      Temps:          0       2       0       0       0
      Totals:         0       5       0       0       0
Total ram usage:        5 bytes
 Hardware stack levels used:    1
 Hardware stack levels required when called:    3
 This function calls:
		___bmul
		convert@process_1
		convert@process_10
		convert@process_100
 This function is called by:
		_main
 This function uses a non-reentrant model


 *************** function convert@process_100 *****************
 Defined at:
		line 68 in file "convert.c"
 Parameters:    Size  Location     Type
  num             1    wreg     unsigned char 
  p_flag          1    5[BANK0 ] PTR unsigned char 
		 -> number_to_string_char@flag(1), 
  p_buf           1    6[BANK0 ] PTR unsigned char 
		 -> main@temp_buf_c(5), 
 Auto vars:     Size  Location     Type
  num             1   10[BANK0 ] unsigned char 
  remainder_10    1   11[BANK0 ] unsigned char 
 Return value:  Size  Location     Type
		None               void
 Registers used:
		wreg, fsr0l, fsr0h, status,2, status,0, pclath, cstack
 Tracked objects:
		On entry : 
		On exit  : 
		Unchanged: 
 Data sizes:     COMMON   BANK0   BANK1   BANK3   BANK2
      Params:         0       2       0       0       0
      Locals:         0       2       0       0       0
      Temps:          0       3       0       0       0
      Totals:         0       7       0       0       0
Total ram usage:        7 bytes
 Hardware stack levels used:    1
 Hardware stack levels required when called:    2
 This function calls:
		___awmod
		convert@process_10
 This function is called by:
		_number_to_string_char
 This function uses a non-reentrant model


 *************** function convert@process_10 *****************
 Defined at:
		line 82 in file "convert.c"
 Parameters:    Size  Location     Type
  num             1    wreg     unsigned char 
  p_flag          1    9[COMMON] PTR unsigned char 
		 -> number_to_string_char@flag(1), 
  p_buf           1   10[COMMON] PTR unsigned char 
		 -> main@temp_buf_c(5), 
 Auto vars:     Size  Location     Type
  num             1    4[BANK0 ] unsigned char 
  i               1    3[BANK0 ] unsigned char 
  val             1    2[BANK0 ] unsigned char 
  remainder_10    1    1[BANK0 ] unsigned char 
  divide_10       1    0[BANK0 ] unsigned char 
 Return value:  Size  Location     Type
		None               void
 Registers used:
		wreg, fsr0l, fsr0h, status,2, status,0, pclath, cstack
 Tracked objects:
		On entry : 
		On exit  : 
		Unchanged: 
 Data sizes:     COMMON   BANK0   BANK1   BANK3   BANK2
      Params:         2       0       0       0       0
      Locals:         0       5       0       0       0
      Temps:          3       0       0       0       0
      Totals:         5       5       0       0       0
Total ram usage:       10 bytes
 Hardware stack levels used:    1
 Hardware stack levels required when called:    1
 This function calls:
		___awdiv
		___awmod
		convert@process_1
 This function is called by:
		_number_to_string_char
		convert@process_100
 This function uses a non-reentrant model


 *************** function convert@process_1 *****************
 Defined at:
		line 104 in file "convert.c"
 Parameters:    Size  Location     Type
  num             1    wreg     unsigned char 
  p_flag          1    0[COMMON] PTR unsigned char 
		 -> number_to_string_char@flag(1), 
  p_buf           1    1[COMMON] PTR unsigned char 
		 -> main@temp_buf_c(5), 
 Auto vars:     Size  Location     Type
  num             1    4[COMMON] unsigned char 
  i               2    5[COMMON] int 
  val             1    8[COMMON] unsigned char 
  divide_1        1    7[COMMON] unsigned char 
 Return value:  Size  Location     Type
		None               void
 Registers used:
		wreg, fsr0l, fsr0h, status,2, status,0
 Tracked objects:
		On entry : 
		On exit  : 
		Unchanged: 
 Data sizes:     COMMON   BANK0   BANK1   BANK3   BANK2
      Params:         2       0       0       0       0
      Locals:         5       0       0       0       0
      Temps:          2       0       0       0       0
      Totals:         9       0       0       0       0
Total ram usage:        9 bytes
 Hardware stack levels used:    1
 This function calls:
		Nothing
 This function is called by:
		_number_to_string_char
		convert@process_10
 This function uses a non-reentrant model


 *************** function ___awmod *****************
 Defined at:
		line 6 in file "C:\Program Files (x86)\Microchip\xc8\v1.35\sources\common\awmod.c"
 Parameters:    Size  Location     Type
  divisor         2    0[COMMON] int 
  dividend        2    2[COMMON] int 
 Auto vars:     Size  Location     Type
  sign            1    6[COMMON] unsigned char 
  counter         1    5[COMMON] unsigned char 
 Return value:  Size  Location     Type
                  2    0[COMMON] int 
 Registers used:
		wreg, status,2, status,0
 Tracked objects:
		On entry : 
		On exit  : 
		Unchanged: 
 Data sizes:     COMMON   BANK0   BANK1   BANK3   BANK2
      Params:         4       0       0       0       0
      Locals:         2       0       0       0       0
      Temps:          1       0       0       0       0
      Totals:         7       0       0       0       0
Total ram usage:        7 bytes
 Hardware stack levels used:    1
 This function calls:
		Nothing
 This function is called by:
		convert@process_100
		convert@process_10
		_process_100
		_process_10
 This function uses a non-reentrant model


 *************** function ___awdiv *****************
 Defined at:
		line 6 in file "C:\Program Files (x86)\Microchip\xc8\v1.35\sources\common\awdiv.c"
 Parameters:    Size  Location     Type
  divisor         2    0[COMMON] int 
  dividend        2    2[COMMON] int 
 Auto vars:     Size  Location     Type
  quotient        2    7[COMMON] int 
  sign            1    6[COMMON] unsigned char 
  counter         1    5[COMMON] unsigned char 
 Return value:  Size  Location     Type
                  2    0[COMMON] int 
 Registers used:
		wreg, status,2, status,0
 Tracked objects:
		On entry : 
		On exit  : 
		Unchanged: 
 Data sizes:     COMMON   BANK0   BANK1   BANK3   BANK2
      Params:         4       0       0       0       0
      Locals:         4       0       0       0       0
      Temps:          1       0       0       0       0
      Totals:         9       0       0       0       0
Total ram usage:        9 bytes
 Hardware stack levels used:    1
 This function calls:
		Nothing
 This function is called by:
		convert@process_10
		_process_10
 This function uses a non-reentrant model


 *************** function ___bmul *****************
 Defined at:
		line 4 in file "C:\Program Files (x86)\Microchip\xc8\v1.35\sources\common\Umul8.c"
 Parameters:    Size  Location     Type
  multiplier      1    wreg     unsigned char 
  multiplicand    1    0[COMMON] unsigned char 
 Auto vars:     Size  Location     Type
  multiplier      1    3[COMMON] unsigned char 
  product         1    2[COMMON] unsigned char 
 Return value:  Size  Location     Type
                  1    wreg      unsigned char 
 Registers used:
		wreg, status,2, status,0
 Tracked objects:
		On entry : 
		On exit  : 
		Unchanged: 
 Data sizes:     COMMON   BANK0   BANK1   BANK3   BANK2
      Params:         1       0       0       0       0
      Locals:         2       0       0       0       0
      Temps:          1       0       0       0       0
      Totals:         4       0       0       0       0
Total ram usage:        4 bytes
 Hardware stack levels used:    1
 This function calls:
		Nothing
 This function is called by:
		_number_to_string_char
 This function uses a non-reentrant model


 *************** function _get_temp *****************
 Defined at:
		line 62 in file "plati_temp.c"
 Parameters:    Size  Location     Type
		None
 Auto vars:     Size  Location     Type
  t_average       3   69[BANK0 ] unsigned char 
  i               2   67[BANK0 ] int 
 Return value:  Size  Location     Type
                  3   61[BANK0 ] int 
 Registers used:
		wreg, fsr0l, fsr0h, status,2, status,0, btemp+1, pclath, cstack
 Tracked objects:
		On entry : 
		On exit  : 
		Unchanged: 
 Data sizes:     COMMON   BANK0   BANK1   BANK3   BANK2
      Params:         0       3       0       0       0
      Locals:         0       8       0       0       0
      Temps:          0       0       0       0       0
      Totals:         0      11       0       0       0
Total ram usage:       11 bytes
 Hardware stack levels used:    1
 Hardware stack levels required when called:    4
 This function calls:
		___ftadd
		___ftdiv
		_get_pt
 This function is called by:
		_main
 This function uses a non-reentrant model


 *************** function _get_pt *****************
 Defined at:
		line 36 in file "plati_temp.c"
 Parameters:    Size  Location     Type
		None
 Auto vars:     Size  Location     Type
  a               3   27[BANK1 ] int 
  t1              3   24[BANK1 ] int 
  r1              3   18[BANK1 ] int 
  b               3    6[BANK1 ] int 
  t2              3    3[BANK1 ] int 
  r2              3    0[BANK1 ] int 
 Return value:  Size  Location     Type
                  3   58[BANK0 ] int 
 Registers used:
		wreg, fsr0l, fsr0h, status,2, status,0, pclath, cstack
 Tracked objects:
		On entry : 
		On exit  : 
		Unchanged: 
 Data sizes:     COMMON   BANK0   BANK1   BANK3   BANK2
      Params:         0       3       0       0       0
      Locals:         0       0      30       0       0
      Temps:          0       0       0       0       0
      Totals:         0       3      30       0       0
Total ram usage:       33 bytes
 Hardware stack levels used:    1
 Hardware stack levels required when called:    3
 This function calls:
		___ftadd
		___ftdiv
		___ftmul
		___ftneg
		_get_adcon
 This function is called by:
		_get_temp
 This function uses a non-reentrant model


 *************** function _get_adcon *****************
 Defined at:
		line 93 in file "AD_value.c"
 Parameters:    Size  Location     Type
		None
 Auto vars:     Size  Location     Type
  voltage_valu    3   19[BANK0 ] int 
  ad_value        2   24[BANK0 ] unsigned int 
  my_adres        2   22[BANK0 ] struct .
 Return value:  Size  Location     Type
                  3   16[BANK0 ] struct .
 Registers used:
		wreg, fsr0l, fsr0h, status,2, status,0, pclath, cstack
 Tracked objects:
		On entry : 
		On exit  : 
		Unchanged: 
 Data sizes:     COMMON   BANK0   BANK1   BANK3   BANK2
      Params:         0       3       0       0       0
      Locals:         0       7       0       0       0
      Temps:          1       0       0       0       0
      Totals:         1      10       0       0       0
Total ram usage:       11 bytes
 Hardware stack levels used:    1
 Hardware stack levels required when called:    2
 This function calls:
		___ftmul
		___lwtoft
		_bit_shift
 This function is called by:
		_get_pt
 This function uses a non-reentrant model


 *************** function _bit_shift *****************
 Defined at:
		line 73 in file "AD_value.c"
 Parameters:    Size  Location     Type
  p_ad_value      1    wreg     PTR unsigned int 
		 -> get_adcon@ad_value(2), 
  p_adres         1    0[COMMON] PTR struct .
		 -> get_adcon@my_adres(2), 
 Auto vars:     Size  Location     Type
  p_ad_value      1    5[COMMON] PTR unsigned int 
		 -> get_adcon@ad_value(2), 
 Return value:  Size  Location     Type
		None               void
 Registers used:
		wreg, fsr0l, fsr0h, status,2, status,0, pclath
 Tracked objects:
		On entry : 
		On exit  : 
		Unchanged: 
 Data sizes:     COMMON   BANK0   BANK1   BANK3   BANK2
      Params:         1       0       0       0       0
      Locals:         1       0       0       0       0
      Temps:          4       0       0       0       0
      Totals:         6       0       0       0       0
Total ram usage:        6 bytes
 Hardware stack levels used:    2
 This function calls:
		Nothing
 This function is called by:
		_get_adcon
 This function uses a non-reentrant model


 *************** function ___lwtoft *****************
 Defined at:
		line 28 in file "C:\Program Files (x86)\Microchip\xc8\v1.35\sources\common\lwtoft.c"
 Parameters:    Size  Location     Type
  c               2    8[COMMON] unsigned int 
 Auto vars:     Size  Location     Type
		None
 Return value:  Size  Location     Type
                  3    8[COMMON] float 
 Registers used:
		wreg, status,2, status,0, pclath, cstack
 Tracked objects:
		On entry : 
		On exit  : 
		Unchanged: 
 Data sizes:     COMMON   BANK0   BANK1   BANK3   BANK2
      Params:         3       0       0       0       0
      Locals:         0       0       0       0       0
      Temps:          1       0       0       0       0
      Totals:         4       0       0       0       0
Total ram usage:        4 bytes
 Hardware stack levels used:    1
 Hardware stack levels required when called:    1
 This function calls:
		___ftpack
 This function is called by:
		_get_adcon
 This function uses a non-reentrant model


 *************** function ___ftmul *****************
 Defined at:
		line 62 in file "C:\Program Files (x86)\Microchip\xc8\v1.35\sources\common\ftmul.c"
 Parameters:    Size  Location     Type
  f1              3    0[BANK0 ] float 
  f2              3    3[BANK0 ] float 
 Auto vars:     Size  Location     Type
  f3_as_produc    3   11[BANK0 ] unsigned um
  sign            1   15[BANK0 ] unsigned char 
  cntr            1   14[BANK0 ] unsigned char 
  exp             1   10[BANK0 ] unsigned char 
 Return value:  Size  Location     Type
                  3    0[BANK0 ] float 
 Registers used:
		wreg, status,2, status,0, pclath, cstack
 Tracked objects:
		On entry : 
		On exit  : 
		Unchanged: 
 Data sizes:     COMMON   BANK0   BANK1   BANK3   BANK2
      Params:         0       6       0       0       0
      Locals:         0       6       0       0       0
      Temps:          0       4       0       0       0
      Totals:         0      16       0       0       0
Total ram usage:       16 bytes
 Hardware stack levels used:    1
 Hardware stack levels required when called:    1
 This function calls:
		___ftpack
 This function is called by:
		_get_pt
		_get_adcon
 This function uses a non-reentrant model


 *************** function ___ftneg *****************
 Defined at:
		line 15 in file "C:\Program Files (x86)\Microchip\xc8\v1.35\sources\common\ftneg.c"
 Parameters:    Size  Location     Type
  f1              3   26[BANK0 ] float 
 Auto vars:     Size  Location     Type
		None
 Return value:  Size  Location     Type
                  3   26[BANK0 ] float 
 Registers used:
		wreg
 Tracked objects:
		On entry : 
		On exit  : 
		Unchanged: 
 Data sizes:     COMMON   BANK0   BANK1   BANK3   BANK2
      Params:         0       3       0       0       0
      Locals:         0       0       0       0       0
      Temps:          0       0       0       0       0
      Totals:         0       3       0       0       0
Total ram usage:        3 bytes
 Hardware stack levels used:    1
 This function calls:
		Nothing
 This function is called by:
		_get_pt
 This function uses a non-reentrant model


 *************** function ___ftdiv *****************
 Defined at:
		line 56 in file "C:\Program Files (x86)\Microchip\xc8\v1.35\sources\common\ftdiv.c"
 Parameters:    Size  Location     Type
  f2              3   42[BANK0 ] float 
  f1              3   45[BANK0 ] float 
 Auto vars:     Size  Location     Type
  f3              3   53[BANK0 ] float 
  sign            1   57[BANK0 ] unsigned char 
  exp             1   56[BANK0 ] unsigned char 
  cntr            1   52[BANK0 ] unsigned char 
 Return value:  Size  Location     Type
                  3   42[BANK0 ] float 
 Registers used:
		wreg, status,2, status,0, pclath, cstack
 Tracked objects:
		On entry : 
		On exit  : 
		Unchanged: 
 Data sizes:     COMMON   BANK0   BANK1   BANK3   BANK2
      Params:         0       6       0       0       0
      Locals:         0       6       0       0       0
      Temps:          0       4       0       0       0
      Totals:         0      16       0       0       0
Total ram usage:       16 bytes
 Hardware stack levels used:    1
 Hardware stack levels required when called:    1
 This function calls:
		___ftpack
 This function is called by:
		_get_pt
		_get_temp
 This function uses a non-reentrant model


 *************** function ___ftadd *****************
 Defined at:
		line 86 in file "C:\Program Files (x86)\Microchip\xc8\v1.35\sources\common\ftadd.c"
 Parameters:    Size  Location     Type
  f1              3   29[BANK0 ] float 
  f2              3   32[BANK0 ] float 
 Auto vars:     Size  Location     Type
  exp1            1   41[BANK0 ] unsigned char 
  exp2            1   40[BANK0 ] unsigned char 
  sign            1   39[BANK0 ] unsigned char 
 Return value:  Size  Location     Type
                  3   29[BANK0 ] float 
 Registers used:
		wreg, status,2, status,0, pclath, cstack
 Tracked objects:
		On entry : 
		On exit  : 
		Unchanged: 
 Data sizes:     COMMON   BANK0   BANK1   BANK3   BANK2
      Params:         0       6       0       0       0
      Locals:         0       3       0       0       0
      Temps:          0       4       0       0       0
      Totals:         0      13       0       0       0
Total ram usage:       13 bytes
 Hardware stack levels used:    1
 Hardware stack levels required when called:    1
 This function calls:
		___ftpack
 This function is called by:
		_get_pt
		_get_temp
 This function uses a non-reentrant model


 *************** function ___ftpack *****************
 Defined at:
		line 62 in file "C:\Program Files (x86)\Microchip\xc8\v1.35\sources\common\float.c"
 Parameters:    Size  Location     Type
  arg             3    0[COMMON] unsigned um
  exp             1    3[COMMON] unsigned char 
  sign            1    4[COMMON] unsigned char 
 Auto vars:     Size  Location     Type
		None
 Return value:  Size  Location     Type
                  3    0[COMMON] float 
 Registers used:
		wreg, status,2, status,0
 Tracked objects:
		On entry : 
		On exit  : 
		Unchanged: 
 Data sizes:     COMMON   BANK0   BANK1   BANK3   BANK2
      Params:         5       0       0       0       0
      Locals:         0       0       0       0       0
      Temps:          3       0       0       0       0
      Totals:         8       0       0       0       0
Total ram usage:        8 bytes
 Hardware stack levels used:    1
 This function calls:
		Nothing
 This function is called by:
		___ftadd
		___ftdiv
		___ftmul
		___lwtoft
 This function uses a non-reentrant model


 *************** function _extract_receive_packet *****************
 Defined at:
		line 241 in file "protocol.c"
 Parameters:    Size  Location     Type
  p_data_type_    1    wreg     PTR unsigned char 
		 -> main@r_data_type(1), 
  p_data_buf      1    2[COMMON] PTR unsigned char 
		 -> main@r_data(30), 
  p_data_len_b    1    3[COMMON] PTR unsigned char 
		 -> main@r_data_len(1), 
 Auto vars:     Size  Location     Type
  p_data_type_    1    5[COMMON] PTR unsigned char 
		 -> main@r_data_type(1), 
  i               1    6[COMMON] unsigned char 
 Return value:  Size  Location     Type
		None               void
 Registers used:
		wreg, fsr0l, fsr0h, status,2, status,0, pclath, cstack
 Tracked objects:
		On entry : 
		On exit  : 
		Unchanged: 
 Data sizes:     COMMON   BANK0   BANK1   BANK3   BANK2
      Params:         2       0       0       0       0
      Locals:         2       0       0       0       0
      Temps:          1       0       0       0       0
      Totals:         5       0       0       0       0
Total ram usage:        5 bytes
 Hardware stack levels used:    1
 Hardware stack levels required when called:    1
 This function calls:
		_rx_packet_clear
 This function is called by:
		_main
 This function uses a non-reentrant model


 *************** function _rx_packet_clear *****************
 Defined at:
		line 306 in file "protocol.c"
 Parameters:    Size  Location     Type
		None
 Auto vars:     Size  Location     Type
  i               1    1[COMMON] unsigned char 
 Return value:  Size  Location     Type
		None               void
 Registers used:
		wreg, fsr0l, fsr0h, status,2, status,0
 Tracked objects:
		On entry : 
		On exit  : 
		Unchanged: 
 Data sizes:     COMMON   BANK0   BANK1   BANK3   BANK2
      Params:         0       0       0       0       0
      Locals:         1       0       0       0       0
      Temps:          1       0       0       0       0
      Totals:         2       0       0       0       0
Total ram usage:        2 bytes
 Hardware stack levels used:    1
 This function calls:
		Nothing
 This function is called by:
		_extract_receive_packet
 This function uses a non-reentrant model


 *************** function _ad_con_init *****************
 Defined at:
		line 51 in file "AD_value.c"
 Parameters:    Size  Location     Type
		None
 Auto vars:     Size  Location     Type
		None
 Return value:  Size  Location     Type
                  2    6[None  ] int 
 Registers used:
		wreg
 Tracked objects:
		On entry : 
		On exit  : 
		Unchanged: 
 Data sizes:     COMMON   BANK0   BANK1   BANK3   BANK2
      Params:         0       0       0       0       0
      Locals:         0       0       0       0       0
      Temps:          0       0       0       0       0
      Totals:         0       0       0       0       0
Total ram usage:        0 bytes
 Hardware stack levels used:    1
 This function calls:
		Nothing
 This function is called by:
		_main
 This function uses a non-reentrant model


 *************** function ___fttol *****************
 Defined at:
		line 44 in file "C:\Program Files (x86)\Microchip\xc8\v1.35\sources\common\fttol.c"
 Parameters:    Size  Location     Type
  f1              3    0[COMMON] float 
 Auto vars:     Size  Location     Type
  lval            4    9[COMMON] unsigned long 
  exp1            1   13[COMMON] unsigned char 
  sign1           1    8[COMMON] unsigned char 
 Return value:  Size  Location     Type
                  4    0[COMMON] long 
 Registers used:
		wreg, status,2, status,0
 Tracked objects:
		On entry : 
		On exit  : 
		Unchanged: 
 Data sizes:     COMMON   BANK0   BANK1   BANK3   BANK2
      Params:         4       0       0       0       0
      Locals:         6       0       0       0       0
      Temps:          4       0       0       0       0
      Totals:        14       0       0       0       0
Total ram usage:       14 bytes
 Hardware stack levels used:    1
 This function calls:
		Nothing
 This function is called by:
		_main
 This function uses a non-reentrant model



MODULE INFORMATION

Module		Function		Class		Link	Load	Size
C:\Program Files (x86)\Microchip\xc8\v1.35\sources\common\awdiv.c
		___awdiv       		CODE           	0D87	0000	90

C:\Program Files (x86)\Microchip\xc8\v1.35\sources\common\awdiv.c estimated size: 90

C:\Program Files (x86)\Microchip\xc8\v1.35\sources\common\ftadd.c
		___ftadd       		CODE           	02F6	0000	266

C:\Program Files (x86)\Microchip\xc8\v1.35\sources\common\ftadd.c estimated size: 266

uart.c
		_put_string    		CODE           	0A34	0000	34
		_uart_init     		CODE           	09A0	0000	14
		_put_char      		CODE           	097B	0000	9

uart.c estimated size: 57

C:\Program Files (x86)\Microchip\xc8\v1.35\sources\common\lwtoft.c
		___lwtoft      		CODE           	09CD	0000	21

C:\Program Files (x86)\Microchip\xc8\v1.35\sources\common\lwtoft.c estimated size: 21

C:\Program Files (x86)\Microchip\xc8\v1.35\sources\common\ftneg.c
		___ftneg       		CODE           	098B	0000	11

C:\Program Files (x86)\Microchip\xc8\v1.35\sources\common\ftneg.c estimated size: 11

spi_master.c
		_spi_master_receive		CODE           	0C6D	0000	62
		_spi_master_send		CODE           	0BBD	0000	59
		_spi_master_start		CODE           	0A15	0000	32

spi_master.c estimated size: 153

C:\Program Files (x86)\Microchip\xc8\v1.35\sources\common\float.c
		___ftpack      		CODE           	0E9D	0000	109

C:\Program Files (x86)\Microchip\xc8\v1.35\sources\common\float.c estimated size: 109

convert.c
		_number_to_string_char		CODE           	0009	0000	68

convert.c estimated size: 68

AD_value.c
		_ad_con_init   		CODE           	0995	0000	12
		_bit_shift     		CODE           	0B4E	0000	56
		_get_adcon     		CODE           	0D37	0000	81

AD_value.c estimated size: 149

protocol.c
		_receive_data_master		CODE           	0F75	0000	140
		_extract_receive_packet		CODE           	0AEB	0000	49
		_uint16_data_set		CODE           	0B1B	0000	52
		_double_data_set		CODE           	0BF7	0000	59
		_send_data_master		CODE           	00D8	0000	148
		_flag_check    		CODE           	0CAA	0000	67
		_rx_packet_clear		CODE           	09E1	0000	27
		_tx_packet_clear		CODE           	09FB	0000	27
		_uint8_data_set		CODE           	0A9C	0000	39
		_sent_data_set 		CODE           	0DE0	0000	94
		_uint16_to_byte_array		CODE           	0A76	0000	39
		_double_to_byte_array		CODE           	0AC2	0000	42

protocol.c estimated size: 783

shared
		__stringtab    		STRING         	0800	0000	7
		convert@process_10		CODE           	0E3D	0000	97
		convert@process_100		CODE           	0B85	0000	57
		__initialization		CODE           	07F2	0000	11
		uint16_to_byte_array@bit_mask		STRING         	0824	0000	3
		bit_shift@bit_mask_for_l		STRING         	0826	0000	2
		convert@process_1		CODE           	0C31	0000	61
		main@send_1    		STRING         	0000	0000	0
		main@send_2    		STRING         	0000	0000	0

shared estimated size: 238

C:\Program Files (x86)\Microchip\xc8\v1.35\sources\common\ftmul.c
		___ftmul       		CODE           	0223	0000	212

C:\Program Files (x86)\Microchip\xc8\v1.35\sources\common\ftmul.c estimated size: 212

C:\Program Files (x86)\Microchip\xc8\v1.35\sources\common\awmod.c
		___awmod       		CODE           	0CEC	0000	76

C:\Program Files (x86)\Microchip\xc8\v1.35\sources\common\awmod.c estimated size: 76

C:\Program Files (x86)\Microchip\xc8\v1.35\sources\common\ftdiv.c
		___ftdiv       		CODE           	016B	0000	185

C:\Program Files (x86)\Microchip\xc8\v1.35\sources\common\ftdiv.c estimated size: 185

plati_temp.c
		_get_temp      		CODE           	0F09	0000	109
		_get_pt        		CODE           	0537	0000	700

plati_temp.c estimated size: 809

C:\Program Files (x86)\Microchip\xc8\v1.35\sources\common\Umul16.c
		___wmul        		CODE           	0A55	0000	34

C:\Program Files (x86)\Microchip\xc8\v1.35\sources\common\Umul16.c estimated size: 34

main.c
		_main          		CODE           	03FF	0000	313
		_pic_port_init 		CODE           	09AD	0000	16

main.c estimated size: 329

C:\Program Files (x86)\Microchip\xc8\v1.35\sources\common\Umul8.c
		___bmul        		CODE           	09BC	0000	18

C:\Program Files (x86)\Microchip\xc8\v1.35\sources\common\Umul8.c estimated size: 18

C:\Program Files (x86)\Microchip\xc8\v1.35\sources\common\fttol.c
		___fttol       		CODE           	004C	0000	141

C:\Program Files (x86)\Microchip\xc8\v1.35\sources\common\fttol.c estimated size: 141

